Component: ARM Compiler 5.06 update 6 (build 750) Tool: armlink [4d35ed]

==============================================================================

Section Cross References

    stm32f4xx_hal_tim.o(i.HAL_TIM_Base_DeInit) refers to stm32f4xx_hal_tim.o(i.HAL_TIM_Base_MspDeInit) for HAL_TIM_Base_MspDeInit
    stm32f4xx_hal_tim.o(i.HAL_TIM_Base_Init) refers to stm32f4xx_hal_tim.o(i.HAL_TIM_Base_MspInit) for HAL_TIM_Base_MspInit
    stm32f4xx_hal_tim.o(i.HAL_TIM_Base_Init) refers to stm32f4xx_hal_tim.o(i.TIM_Base_SetConfig) for TIM_Base_SetConfig
    stm32f4xx_hal_tim.o(i.HAL_TIM_Base_Start_DMA) refers to stm32f4xx_hal_dma.o(i.HAL_DMA_Start_IT) for HAL_DMA_Start_IT
    stm32f4xx_hal_tim.o(i.HAL_TIM_Base_Start_DMA) refers to stm32f4xx_hal_tim.o(i.TIM_DMAPeriodElapsedCplt) for TIM_DMAPeriodElapsedCplt
    stm32f4xx_hal_tim.o(i.HAL_TIM_Base_Start_DMA) refers to stm32f4xx_hal_tim.o(i.TIM_DMAError) for TIM_DMAError
    stm32f4xx_hal_tim.o(i.HAL_TIM_ConfigClockSource) refers to stm32f4xx_hal_tim.o(i.TIM_ETR_SetConfig) for TIM_ETR_SetConfig
    stm32f4xx_hal_tim.o(i.HAL_TIM_ConfigClockSource) refers to stm32f4xx_hal_tim.o(i.TIM_TI1_ConfigInputStage) for TIM_TI1_ConfigInputStage
    stm32f4xx_hal_tim.o(i.HAL_TIM_ConfigClockSource) refers to stm32f4xx_hal_tim.o(i.TIM_ITRx_SetConfig) for TIM_ITRx_SetConfig
    stm32f4xx_hal_tim.o(i.HAL_TIM_ConfigClockSource) refers to stm32f4xx_hal_tim.o(i.TIM_TI2_ConfigInputStage) for TIM_TI2_ConfigInputStage
    stm32f4xx_hal_tim.o(i.HAL_TIM_ConfigOCrefClear) refers to stm32f4xx_hal_tim.o(i.TIM_ETR_SetConfig) for TIM_ETR_SetConfig
    stm32f4xx_hal_tim.o(i.HAL_TIM_DMABurst_ReadStart) refers to stm32f4xx_hal_dma.o(i.HAL_DMA_Start_IT) for HAL_DMA_Start_IT
    stm32f4xx_hal_tim.o(i.HAL_TIM_DMABurst_ReadStart) refers to stm32f4xx_hal_tim.o(i.TIM_DMAPeriodElapsedCplt) for TIM_DMAPeriodElapsedCplt
    stm32f4xx_hal_tim.o(i.HAL_TIM_DMABurst_ReadStart) refers to stm32f4xx_hal_tim.o(i.TIM_DMAError) for TIM_DMAError
    stm32f4xx_hal_tim.o(i.HAL_TIM_DMABurst_ReadStart) refers to stm32f4xx_hal_tim.o(i.TIM_DMACaptureCplt) for TIM_DMACaptureCplt
    stm32f4xx_hal_tim.o(i.HAL_TIM_DMABurst_ReadStart) refers to stm32f4xx_hal_tim_ex.o(i.TIMEx_DMACommutationCplt) for TIMEx_DMACommutationCplt
    stm32f4xx_hal_tim.o(i.HAL_TIM_DMABurst_ReadStart) refers to stm32f4xx_hal_tim.o(i.TIM_DMATriggerCplt) for TIM_DMATriggerCplt
    stm32f4xx_hal_tim.o(i.HAL_TIM_DMABurst_ReadStop) refers to stm32f4xx_hal_dma.o(i.HAL_DMA_Abort) for HAL_DMA_Abort
    stm32f4xx_hal_tim.o(i.HAL_TIM_DMABurst_WriteStart) refers to stm32f4xx_hal_dma.o(i.HAL_DMA_Start_IT) for HAL_DMA_Start_IT
    stm32f4xx_hal_tim.o(i.HAL_TIM_DMABurst_WriteStart) refers to stm32f4xx_hal_tim.o(i.TIM_DMAPeriodElapsedCplt) for TIM_DMAPeriodElapsedCplt
    stm32f4xx_hal_tim.o(i.HAL_TIM_DMABurst_WriteStart) refers to stm32f4xx_hal_tim.o(i.TIM_DMAError) for TIM_DMAError
    stm32f4xx_hal_tim.o(i.HAL_TIM_DMABurst_WriteStart) refers to stm32f4xx_hal_tim.o(i.TIM_DMADelayPulseCplt) for TIM_DMADelayPulseCplt
    stm32f4xx_hal_tim.o(i.HAL_TIM_DMABurst_WriteStart) refers to stm32f4xx_hal_tim_ex.o(i.TIMEx_DMACommutationCplt) for TIMEx_DMACommutationCplt
    stm32f4xx_hal_tim.o(i.HAL_TIM_DMABurst_WriteStart) refers to stm32f4xx_hal_tim.o(i.TIM_DMATriggerCplt) for TIM_DMATriggerCplt
    stm32f4xx_hal_tim.o(i.HAL_TIM_DMABurst_WriteStop) refers to stm32f4xx_hal_dma.o(i.HAL_DMA_Abort) for HAL_DMA_Abort
    stm32f4xx_hal_tim.o(i.HAL_TIM_Encoder_DeInit) refers to stm32f4xx_hal_msp.o(i.HAL_TIM_Encoder_MspDeInit) for HAL_TIM_Encoder_MspDeInit
    stm32f4xx_hal_tim.o(i.HAL_TIM_Encoder_Init) refers to stm32f4xx_hal_msp.o(i.HAL_TIM_Encoder_MspInit) for HAL_TIM_Encoder_MspInit
    stm32f4xx_hal_tim.o(i.HAL_TIM_Encoder_Init) refers to stm32f4xx_hal_tim.o(i.TIM_Base_SetConfig) for TIM_Base_SetConfig
    stm32f4xx_hal_tim.o(i.HAL_TIM_Encoder_Start) refers to stm32f4xx_hal_tim.o(i.TIM_CCxChannelCmd) for TIM_CCxChannelCmd
    stm32f4xx_hal_tim.o(i.HAL_TIM_Encoder_Start_DMA) refers to stm32f4xx_hal_dma.o(i.HAL_DMA_Start_IT) for HAL_DMA_Start_IT
    stm32f4xx_hal_tim.o(i.HAL_TIM_Encoder_Start_DMA) refers to stm32f4xx_hal_tim.o(i.TIM_CCxChannelCmd) for TIM_CCxChannelCmd
    stm32f4xx_hal_tim.o(i.HAL_TIM_Encoder_Start_DMA) refers to stm32f4xx_hal_tim.o(i.TIM_DMACaptureCplt) for TIM_DMACaptureCplt
    stm32f4xx_hal_tim.o(i.HAL_TIM_Encoder_Start_DMA) refers to stm32f4xx_hal_tim.o(i.TIM_DMAError) for TIM_DMAError
    stm32f4xx_hal_tim.o(i.HAL_TIM_Encoder_Start_IT) refers to stm32f4xx_hal_tim.o(i.TIM_CCxChannelCmd) for TIM_CCxChannelCmd
    stm32f4xx_hal_tim.o(i.HAL_TIM_Encoder_Stop) refers to stm32f4xx_hal_tim.o(i.TIM_CCxChannelCmd) for TIM_CCxChannelCmd
    stm32f4xx_hal_tim.o(i.HAL_TIM_Encoder_Stop_DMA) refers to stm32f4xx_hal_tim.o(i.TIM_CCxChannelCmd) for TIM_CCxChannelCmd
    stm32f4xx_hal_tim.o(i.HAL_TIM_Encoder_Stop_IT) refers to stm32f4xx_hal_tim.o(i.TIM_CCxChannelCmd) for TIM_CCxChannelCmd
[...]
    i.TIM_TI2_SetConfig                      0x080041a4   Section        0  stm32f4xx_hal_tim.o(i.TIM_TI2_SetConfig)
    TIM_TI2_SetConfig                        0x080041a5   Thumb Code    62  stm32f4xx_hal_tim.o(i.TIM_TI2_SetConfig)
    i.TIM_TI3_SetConfig                      0x080041e2   Section        0  stm32f4xx_hal_tim.o(i.TIM_TI3_SetConfig)
    TIM_TI3_SetConfig                        0x080041e3   Thumb Code    60  stm32f4xx_hal_tim.o(i.TIM_TI3_SetConfig)
    i.TIM_TI4_SetConfig                      0x0800421e   Section        0  stm32f4xx_hal_tim.o(i.TIM_TI4_SetConfig)
    TIM_TI4_SetConfig                        0x0800421f   Thumb Code    64  stm32f4xx_hal_tim.o(i.TIM_TI4_SetConfig)
    i.UART_DMAAbortOnError                   0x0800425e   Section        0  stm32f4xx_hal_uart.o(i.UART_DMAAbortOnError)
    UART_DMAAbortOnError                     0x0800425f   Thumb Code    20  stm32f4xx_hal_uart.o(i.UART_DMAAbortOnError)
    i.UART_DMAError                          0x08004272   Section        0  stm32f4xx_hal_uart.o(i.UART_DMAError)
    UART_DMAError                            0x08004273   Thumb Code    80  stm32f4xx_hal_uart.o(i.UART_DMAError)
    i.UART_DMAReceiveCplt                    0x080042c2   Section        0  stm32f4xx_hal_uart.o(i.UART_DMAReceiveCplt)
    UART_DMAReceiveCplt                      0x080042c3   Thumb Code    70  stm32f4xx_hal_uart.o(i.UART_DMAReceiveCplt)
    i.UART_DMARxHalfCplt                     0x08004308   Section        0  stm32f4xx_hal_uart.o(i.UART_DMARxHalfCplt)
    UART_DMARxHalfCplt                       0x08004309   Thumb Code    14  stm32f4xx_hal_uart.o(i.UART_DMARxHalfCplt)
    i.UART_DMARxOnlyAbortCallback            0x08004316   Section        0  stm32f4xx_hal_uart.o(i.UART_DMARxOnlyAbortCallback)
    UART_DMARxOnlyAbortCallback              0x08004317   Thumb Code    24  stm32f4xx_hal_uart.o(i.UART_DMARxOnlyAbortCallback)
    i.UART_EndRxTransfer                     0x0800432e   Section        0  stm32f4xx_hal_uart.o(i.UART_EndRxTransfer)
    UART_EndRxTransfer                       0x0800432f   Thumb Code    32  stm32f4xx_hal_uart.o(i.UART_EndRxTransfer)
    i.UART_EndTransmit_IT                    0x0800434e   Section        0  stm32f4xx_hal_uart.o(i.UART_EndTransmit_IT)
    UART_EndTransmit_IT                      0x0800434f   Thumb Code    32  stm32f4xx_hal_uart.o(i.UART_EndTransmit_IT)
    i.UART_EndTxTransfer                     0x0800436e   Section        0  stm32f4xx_hal_uart.o(i.UART_EndTxTransfer)
    UART_EndTxTransfer                       0x0800436f   Thumb Code    20  stm32f4xx_hal_uart.o(i.UART_EndTxTransfer)
    i.UART_Receive_IT                        0x08004382   Section        0  stm32f4xx_hal_uart.o(i.UART_Receive_IT)
    UART_Receive_IT                          0x08004383   Thumb Code   154  stm32f4xx_hal_uart.o(i.UART_Receive_IT)
    i.UART_SetConfig                         0x0800441c   Section        0  stm32f4xx_hal_uart.o(i.UART_SetConfig)
    UART_SetConfig                           0x0800441d   Thumb Code   864  stm32f4xx_hal_uart.o(i.UART_SetConfig)
    i.UART_Transmit_IT                       0x08004784   Section        0  stm32f4xx_hal_uart.o(i.UART_Transmit_IT)
    UART_Transmit_IT                         0x08004785   Thumb Code   104  stm32f4xx_hal_uart.o(i.UART_Transmit_IT)
    i.USART2_IRQHandler                      0x080047ec   Section        0  stm32f4xx_it.o(i.USART2_IRQHandler)
    i.USART3_IRQHandler                      0x08004800   Section        0  stm32f4xx_it.o(i.USART3_IRQHandler)
    i.USARTReceive_IDLE                      0x08004814   Section        0  myuart.o(i.USARTReceive_IDLE)
    i.UsageFault_Handler                     0x080048cc   Section        0  stm32f4xx_it.o(i.UsageFault_Handler)
    i._Error_Handler                         0x080048d0   Section        0  main.o(i._Error_Handler)
    i.__scatterload_copy                     0x080048ec   Section       14  handlers.o(i.__scatterload_copy)
    i.__scatterload_null                     0x080048fa   Section        2  handlers.o(i.__scatterload_null)
    i.__scatterload_zeroinit                 0x080048fc   Section       14  handlers.o(i.__scatterload_zeroinit)
    i.arm_pid_f32                            0x0800490a   Section        0  moto.o(i.arm_pid_f32)
    arm_pid_f32                              0x0800490b   Thumb Code    66  moto.o(i.arm_pid_f32)
    i.catsome                                0x0800494c   Section        0  servoctrl.o(i.catsome)
    i.inHandlerMode                          0x08004ac4   Section        0  cmsis_os.o(i.inHandlerMode)
    inHandlerMode                            0x08004ac5   Thumb Code    16  cmsis_os.o(i.inHandlerMode)
    i.main                                   0x08004ad4   Section        0  main.o(i.main)
    i.main_1task                             0x08004be0   Section        0  main.o(i.main_1task)
    i.makeFreeRtosPriority                   0x08005300   Section        0  cmsis_os.o(i.makeFreeRtosPriority)
    makeFreeRtosPriority                     0x08005301   Thumb Code    14  cmsis_os.o(i.makeFreeRtosPriority)
    i.moto_angle                             0x08005310   Section        0  moto.o(i.moto_angle)
    i.moto_backDis                           0x080054cc   Section        0  moto.o(i.moto_backDis)
    i.moto_controltask                       0x0800559c   Section        0  moto.o(i.moto_controltask)
    i.moto_frontDis                          0x08005808   Section        0  moto.o(i.moto_frontDis)
    i.moto_jztask                            0x080058cc   Section        0  moto.o(i.moto_jztask)
    i.moto_left                              0x08005f40   Section        0  moto.o(i.moto_left)
    i.moto_right                             0x08005f80   Section        0  moto.o(i.moto_right)
    i.moto_stop                              0x08005fc0   Section        0  moto.o(i.moto_stop)
    i.mputask                                0x08005fd4   Section        0  mpu.o(i.mputask)
    i.osDelay                                0x08006098   Section        0  cmsis_os.o(i.osDelay)
    i.osDelayUntil                           0x080060b0   Section        0  cmsis_os.o(i.osDelayUntil)
    i.osKernelStart                          0x080060cc   Section        0  cmsis_os.o(i.osKernelStart)
    i.osKernelSysTick                        0x080060d6   Section        0  cmsis_os.o(i.osKernelSysTick)
    i.osSignalSet                            0x080060ec   Section        0  cmsis_os.o(i.osSignalSet)
    i.osSignalWait                           0x0800614c   Section        0  cmsis_os.o(i.osSignalWait)
    i.osSystickHandler                       0x080061ae   Section        0  cmsis_os.o(i.osSystickHandler)
    i.osThreadCreate                         0x080061be   Section        0  cmsis_os.o(i.osThreadCreate)
    i.prvAddCurrentTaskToDelayedList         0x080061f0   Section        0  tasks.o(i.prvAddCurrentTaskToDelayedList)
    prvAddCurrentTaskToDelayedList           0x080061f1   Thumb Code   124  tasks.o(i.prvAddCurrentTaskToDelayedList)
    i.prvAddNewTaskToReadyList               0x08006288   Section        0  tasks.o(i.prvAddNewTaskToReadyList)
    prvAddNewTaskToReadyList                 0x08006289   Thumb Code   150  tasks.o(i.prvAddNewTaskToReadyList)
    i.prvCheckTasksWaitingTermination        0x0800633c   Section        0  tasks.o(i.prvCheckTasksWaitingTermination)
    prvCheckTasksWaitingTermination          0x0800633d   Thumb Code    86  tasks.o(i.prvCheckTasksWaitingTermination)
    i.prvDeleteTCB                           0x080063a0   Section        0  tasks.o(i.prvDeleteTCB)
    prvDeleteTCB                             0x080063a1   Thumb Code    18  tasks.o(i.prvDeleteTCB)
    i.prvHeapInit                            0x080063b4   Section        0  heap_4.o(i.prvHeapInit)
    prvHeapInit                              0x080063b5   Thumb Code    98  heap_4.o(i.prvHeapInit)
    i.prvIdleTask                            0x08006430   Section        0  tasks.o(i.prvIdleTask)
    prvIdleTask                              0x08006431   Thumb Code    32  tasks.o(i.prvIdleTask)
    i.prvInitialiseNewTask                   0x08006458   Section        0  tasks.o(i.prvInitialiseNewTask)
    prvInitialiseNewTask                     0x08006459   Thumb Code   170  tasks.o(i.prvInitialiseNewTask)
    i.prvInitialiseTaskLists                 0x08006504   Section        0  tasks.o(i.prvInitialiseTaskLists)
    prvInitialiseTaskLists                   0x08006505   Thumb Code    70  tasks.o(i.prvInitialiseTaskLists)
    i.prvInsertBlockIntoFreeList             0x0800656c   Section        0  heap_4.o(i.prvInsertBlockIntoFreeList)
    prvInsertBlockIntoFreeList               0x0800656d   Thumb Code    96  heap_4.o(i.prvInsertBlockIntoFreeList)
    i.prvResetNextTaskUnblockTime            0x080065d4   Section        0  tasks.o(i.prvResetNextTaskUnblockTime)
    prvResetNextTaskUnblockTime              0x080065d5   Thumb Code    42  tasks.o(i.prvResetNextTaskUnblockTime)
    i.prvTaskExitError                       0x08006608   Section        0  port.o(i.prvTaskExitError)
    prvTaskExitError                         0x08006609   Thumb Code    60  port.o(i.prvTaskExitError)
    i.prvTaskIsTaskSuspended                 0x08006648   Section        0  tasks.o(i.prvTaskIsTaskSuspended)
    prvTaskIsTaskSuspended                   0x08006649   Thumb Code    80  tasks.o(i.prvTaskIsTaskSuspended)
    i.pvPortMalloc                           0x080066a0   Section        0  heap_4.o(i.pvPortMalloc)
    i.pxPortInitialiseStack                  0x080067dc   Section        0  port.o(i.pxPortInitialiseStack)
    i.readResu                               0x08006808   Section        0  servoctrl.o(i.readResu)
    i.setServo                               0x08006854   Section        0  servoctrl.o(i.setServo)
    i.uxListRemove                           0x0800685c   Section        0  list.o(i.uxListRemove)
    i.vListInitialise                        0x08006884   Section        0  list.o(i.vListInitialise)
    i.vListInitialiseItem                    0x0800689e   Section        0  list.o(i.vListInitialiseItem)
    i.vListInsert                            0x080068a4   Section        0  list.o(i.vListInsert)
    i.vListInsertEnd                         0x080068d8   Section        0  list.o(i.vListInsertEnd)
    i.vPortEnterCritical                     0x080068f0   Section        0  port.o(i.vPortEnterCritical)
    i.vPortExitCritical                      0x08006944   Section        0  port.o(i.vPortExitCritical)
    i.vPortFree                              0x08006980   Section        0  heap_4.o(i.vPortFree)
    i.vPortSetupTimerInterrupt               0x08006a14   Section        0  port.o(i.vPortSetupTimerInterrupt)
    i.vPortValidateInterruptPriority         0x08006a34   Section        0  port.o(i.vPortValidateInterruptPriority)
    i.vTaskDelay                             0x08006aac   Section        0  tasks.o(i.vTaskDelay)
    i.vTaskDelayUntil                        0x08006b08   Section        0  tasks.o(i.vTaskDelayUntil)
    i.vTaskResume                            0x08006bdc   Section        0  tasks.o(i.vTaskResume)
    i.vTaskStartScheduler                    0x08006c6c   Section        0  tasks.o(i.vTaskStartScheduler)
    i.vTaskSuspend                           0x08006cf4   Section        0  tasks.o(i.vTaskSuspend)
    i.vTaskSuspendAll                        0x08006dd8   Section        0  tasks.o(i.vTaskSuspendAll)
    i.vTaskSwitchContext                     0x08006de8   Section        0  tasks.o(i.vTaskSwitchContext)
    i.xPortStartScheduler                    0x08006e74   Section        0  port.o(i.xPortStartScheduler)
    i.xPortSysTickHandler                    0x08006fb0   Section        0  port.o(i.xPortSysTickHandler)
    i.xTaskCreate                            0x08006fe4   Section        0  tasks.o(i.xTaskCreate)
    i.xTaskGenericNotify                     0x08007044   Section        0  tasks.o(i.xTaskGenericNotify)
    i.xTaskGenericNotifyFromISR              0x08007148   Section        0  tasks.o(i.xTaskGenericNotifyFromISR)
    i.xTaskGetSchedulerState                 0x0800728c   Section        0  tasks.o(i.xTaskGetSchedulerState)
    i.xTaskGetTickCount                      0x080072ac   Section        0  tasks.o(i.xTaskGetTickCount)
    i.xTaskGetTickCountFromISR               0x080072b8   Section        0  tasks.o(i.xTaskGetTickCountFromISR)
    i.xTaskIncrementTick                     0x080072cc   Section        0  tasks.o(i.xTaskIncrementTick)
    i.xTaskNotifyWait                        0x08007414   Section        0  tasks.o(i.xTaskNotifyWait)
    i.xTaskResumeAll                         0x080074b4   Section        0  tasks.o(i.xTaskResumeAll)
    .constdata                               0x080075b8   Section        8  stm32f4xx_hal_dma.o(.constdata)
    flagBitshiftOffset                       0x080075b8   Data           8  stm32f4xx_hal_dma.o(.constdata)
    .constdata                               0x080075c0   Section       24  system_stm32f4xx.o(.constdata)
    .constdata                               0x080075d8   Section      120  echo.o(.constdata)
    .constdata                               0x08007650   Section       20  servoctrl.o(.constdata)
    .constdata                               0x08007664   Section      100  main.o(.constdata)
    .conststring                             0x080076c8   Section       47  echo.o(.conststring)
    .conststring                             0x080076f8   Section       14  servoctrl.o(.conststring)
    .conststring                             0x08007708   Section       48  main.o(.conststring)
    ccmram                                   0x10000000   Section      192  moto.o(ccmram)
    ccmram                                   0x100000c0   Section      120  echo.o(ccmram)
    .data                                    0x20000000   Section        9  stm32f4xx_hal.o(.data)
    .data                                    0x2000000c   Section       24  heap_4.o(.data)
    xStart                                   0x2000000c   Data           8  heap_4.o(.data)
    pxEnd                                    0x20000014   Data           4  heap_4.o(.data)
    xFreeBytesRemaining                      0x20000018   Data           4  heap_4.o(.data)
    xMinimumEverFreeBytesRemaining           0x2000001c   Data           4  heap_4.o(.data)
    xBlockAllocatedBit                       0x20000020   Data           4  heap_4.o(.data)
    .data                                    0x20000024   Section       12  port.o(.data)
    uxCriticalNesting                        0x20000024   Data           4  port.o(.data)
    ucMaxSysCallPriority                     0x20000028   Data           1  port.o(.data)
    ulMaxPRIGROUPValue                       0x2000002c   Data           4  port.o(.data)
    .data                                    0x20000030   Section       60  tasks.o(.data)
    pxDelayedTaskList                        0x20000034   Data           4  tasks.o(.data)
    pxOverflowDelayedTaskList                0x20000038   Data           4  tasks.o(.data)
    uxDeletedTasksWaitingCleanUp             0x2000003c   Data           4  tasks.o(.data)
    uxCurrentNumberOfTasks                   0x20000040   Data           4  tasks.o(.data)
    xTickCount                               0x20000044   Data           4  tasks.o(.data)
    uxTopReadyPriority                       0x20000048   Data           4  tasks.o(.data)
    xSchedulerRunning                        0x2000004c   Data           4  tasks.o(.data)
    uxPendedTicks                            0x20000050   Data           4  tasks.o(.data)
    xYieldPending                            0x20000054   Data           4  tasks.o(.data)
    xNumOfOverflows                          0x20000058   Data           4  tasks.o(.data)
    uxTaskNumber                             0x2000005c   Data           4  tasks.o(.data)
    xNextTaskUnblockTime                     0x20000060   Data           4  tasks.o(.data)
    xIdleTaskHandle                          0x20000064   Data           4  tasks.o(.data)
    uxSchedulerSuspended                     0x20000068   Data           4  tasks.o(.data)
    .data                                    0x2000006c   Section        4  system_stm32f4xx.o(.data)
    .data                                    0x20000070   Section       64  moto.o(.data)
    time                                     0x20000094   Data           4  moto.o(.data)
    outpida_t                                0x20000098   Data           4  moto.o(.data)
    outpidint                                0x2000009c   Data           4  moto.o(.data)
    outpidintold                             0x200000a0   Data           4  moto.o(.data)
    time                                     0x200000a4   Data           4  moto.o(.data)
    outpidint                                0x200000a8   Data           4  moto.o(.data)
    outpidintold                             0x200000ac   Data           4  moto.o(.data)
    .data                                    0x200000b0   Section       96  echo.o(.data)
    .data                                    0x20000110   Section       14  mpu.o(.data)
    .data                                    0x20000120   Section       10  servoctrl.o(.data)
    state                                    0x20000129   Data           1  servoctrl.o(.data)
    .data                                    0x2000012c   Section       48  main.o(.data)
    .bss                                     0x2000015c   Section    15360  heap_4.o(.bss)
    ucHeap                                   0x2000015c   Data       15360  heap_4.o(.bss)
    .bss                                     0x20003d5c   Section      240  tasks.o(.bss)
    pxReadyTasksLists                        0x20003d5c   Data         140  tasks.o(.bss)
    xDelayedTaskList1                        0x20003de8   Data          20  tasks.o(.bss)
    xDelayedTaskList2                        0x20003dfc   Data          20  tasks.o(.bss)
    xPendingReadyList                        0x20003e10   Data          20  tasks.o(.bss)
    xTasksWaitingTermination                 0x20003e24   Data          20  tasks.o(.bss)
    xSuspendedTaskList                       0x20003e38   Data          20  tasks.o(.bss)
    .bss                                     0x20003e4c   Section       84  servoctrl.o(.bss)
    .bss                                     0x20003ea0   Section       46  myuart.o(.bss)
    .bss                                     0x20003ed0   Section      872  main.o(.bss)
    .bss                                     0x20004238   Section       60  stm32f4xx_hal_timebase_tim.o(.bss)
    STACK                                    0x20004278   Section     1024  startup_stm32f407xx.o(STACK)

    Global Symbols

    Symbol Name                              Value     Ov Type        Size  Object(Section)

    BuildAttributes$$THM_ISAv4$E$P$D$K$B$S$7EM$VFPi3$EXTD16$VFPS$VFMA$PE$A:L22UL41UL21$X:L11$S22US41US21$IEEE1$IW$USESV6$~STKCKD$USESV7$~SHL$OTIME$ROPI$IEEEX$EBA8$MICROLIB$REQ8$PRES8$EABIv2 0x00000000   Number         0  anon$$obj.o ABSOLUTE
    __ARM_use_no_argv                        0x00000000   Number         0  main.o ABSOLUTE
    __cpp_initialize__aeabi_                  - Undefined Weak Reference
    __cxa_finalize                            - Undefined Weak Reference
    _clock_init                               - Undefined Weak Reference
    _microlib_exit                            - Undefined Weak Reference
    __Vectors_Size                           0x00000188   Number         0  startup_stm32f407xx.o ABSOLUTE
    __Vectors                                0x08000000   Data           4  startup_stm32f407xx.o(RESET)
    __Vectors_End                            0x08000188   Data           0  startup_stm32f407xx.o(RESET)
    __main                                   0x08000189   Thumb Code     0  entry.o(.ARM.Collect$$$$00000000)
    _main_stk                                0x08000189   Thumb Code     0  entry2.o(.ARM.Collect$$$$00000001)
    _main_scatterload                        0x0800018d   Thumb Code     0  entry5.o(.ARM.Collect$$$$00000004)
    __main_after_scatterload                 0x08000191   Thumb Code     0  entry5.o(.ARM.Collect$$$$00000004)
    _main_clock                              0x08000191   Thumb Code     0  entry7b.o(.ARM.Collect$$$$00000008)
    _main_cpp_init                           0x08000191   Thumb Code     0  entry8b.o(.ARM.Collect$$$$0000000A)
    _main_init                               0x08000191   Thumb Code     0  entry9a.o(.ARM.Collect$$$$0000000B)
    __rt_final_cpp                           0x08000199   Thumb Code     0  entry10a.o(.ARM.Collect$$$$0000000D)
    __rt_final_exit                          0x08000199   Thumb Code     0  entry11a.o(.ARM.Collect$$$$0000000F)
    SVC_Handler                              0x0800019d   Thumb Code    28  port.o(.emb_text)
    __asm___6_port_c_39a90d8d__prvStartFirstTask 0x080001bd   Thumb Code    28  port.o(.emb_text)
    __asm___6_port_c_39a90d8d__prvEnableVFP  0x080001dd   Thumb Code    16  port.o(.emb_text)
    PendSV_Handler                           0x080001f1   Thumb Code    92  port.o(.emb_text)
    vPortGetIPSR                             0x08000251   Thumb Code     6  port.o(.emb_text)
    Reset_Handler                            0x08000259   Thumb Code     8  startup_stm32f407xx.o(.text)
    ADC_IRQHandler                           0x08000273   Thumb Code     0  startup_stm32f407xx.o(.text)
    CAN1_RX0_IRQHandler                      0x08000273   Thumb Code     0  startup_stm32f407xx.o(.text)
    CAN1_RX1_IRQHandler                      0x08000273   Thumb Code     0  startup_stm32f407xx.o(.text)
    CAN1_SCE_IRQHandler                      0x08000273   Thumb Code     0  startup_stm32f407xx.o(.text)
    CAN1_TX_IRQHandler                       0x08000273   Thumb Code     0  startup_stm32f407xx.o(.text)
    CAN2_RX0_IRQHandler                      0x08000273   Thumb Code     0  startup_stm32f407xx.o(.text)
    CAN2_RX1_IRQHandler                      0x08000273   Thumb Code     0  startup_stm32f407xx.o(.text)
    CAN2_SCE_IRQHandler                      0x08000273   Thumb Code     0  startup_stm32f407xx.o(.text)
    CAN2_TX_IRQHandler                       0x08000273   Thumb Code     0  startup_stm32f407xx.o(.text)
    DCMI_IRQHandler                          0x08000273   Thumb Code     0  startup_stm32f407xx.o(.text)
    DMA1_Stream0_IRQHandler                  0x08000273   Thumb Code     0  startup_stm32f407xx.o(.text)
    DMA1_Stream2_IRQHandler                  0x08000273   Thumb Code     0  startup_stm32f407xx.o(.text)
    DMA1_Stream4_IRQHandler                  0x08000273   Thumb Code     0  startup_stm32f407xx.o(.text)
    DMA1_Stream7_IRQHandler                  0x08000273   Thumb Code     0  startup_stm32f407xx.o(.text)
    DMA2_Stream0_IRQHandler                  0x08000273   Thumb Code     0  startup_stm32f407xx.o(.text)
    DMA2_Stream1_IRQHandler                  0x08000273   Thumb Code     0  startup_stm32f407xx.o(.text)
    DMA2_Stream2_IRQHandler                  0x08000273   Thumb Code     0  startup_stm32f407xx.o(.text)
    DMA2_Stream3_IRQHandler                  0x08000273   Thumb Code     0  startup_stm32f407xx.o(.text)
    DMA2_Stream4_IRQHandler                  0x08000273   Thumb Code     0  startup_stm32f407xx.o(.text)
    DMA2_Stream5_IRQHandler                  0x08000273   Thumb Code     0  startup_stm32f407xx.o(.text)
    DMA2_Stream6_IRQHandler                  0x08000273   Thumb Code     0  startup_stm32f407xx.o(.text)
    DMA2_Stream7_IRQHandler                  0x08000273   Thumb Code     0  startup_stm32f407xx.o(.text)
    ETH_IRQHandler                           0x08000273   Thumb Code     0  startup_stm32f407xx.o(.text)
    ETH_WKUP_IRQHandler                      0x08000273   Thumb Code     0  startup_stm32f407xx.o(.text)
    EXTI0_IRQHandler                         0x08000273   Thumb Code     0  startup_stm32f407xx.o(.text)
    EXTI15_10_IRQHandler                     0x08000273   Thumb Code     0  startup_stm32f407xx.o(.text)
    EXTI1_IRQHandler                         0x08000273   Thumb Code     0  startup_stm32f407xx.o(.text)
    EXTI2_IRQHandler                         0x08000273   Thumb Code     0  startup_stm32f407xx.o(.text)
    EXTI3_IRQHandler                         0x08000273   Thumb Code     0  startup_stm32f407xx.o(.text)
    EXTI4_IRQHandler                         0x08000273   Thumb Code     0  startup_stm32f407xx.o(.text)
    FLASH_IRQHandler                         0x08000273   Thumb Code     0  startup_stm32f407xx.o(.text)
    FMC_IRQHandler                           0x08000273   Thumb Code     0  startup_stm32f407xx.o(.text)
    FPU_IRQHandler                           0x08000273   Thumb Code     0  startup_stm32f407xx.o(.text)
    HASH_RNG_IRQHandler                      0x08000273   Thumb Code     0  startup_stm32f407xx.o(.text)
    I2C1_ER_IRQHandler                       0x08000273   Thumb Code     0  startup_stm32f407xx.o(.text)
    I2C1_EV_IRQHandler                       0x08000273   Thumb Code     0  startup_stm32f407xx.o(.text)
    I2C2_ER_IRQHandler                       0x08000273   Thumb Code     0  startup_stm32f407xx.o(.text)
    I2C2_EV_IRQHandler                       0x08000273   Thumb Code     0  startup_stm32f407xx.o(.text)
    I2C3_ER_IRQHandler                       0x08000273   Thumb Code     0  startup_stm32f407xx.o(.text)
    I2C3_EV_IRQHandler                       0x08000273   Thumb Code     0  startup_stm32f407xx.o(.text)
    OTG_FS_IRQHandler                        0x08000273   Thumb Code     0  startup_stm32f407xx.o(.text)
    OTG_FS_WKUP_IRQHandler                   0x08000273   Thumb Code     0  startup_stm32f407xx.o(.text)
    OTG_HS_EP1_IN_IRQHandler                 0x08000273   Thumb Code     0  startup_stm32f407xx.o(.text)
    OTG_HS_EP1_OUT_IRQHandler                0x08000273   Thumb Code     0  startup_stm32f407xx.o(.text)
    OTG_HS_IRQHandler                        0x08000273   Thumb Code     0  startup_stm32f407xx.o(.text)
    OTG_HS_WKUP_IRQHandler                   0x08000273   Thumb Code     0  startup_stm32f407xx.o(.text)
    PVD_IRQHandler                           0x08000273   Thumb Code     0  startup_stm32f407xx.o(.text)
    RCC_IRQHandler                           0x08000273   Thumb Code     0  startup_stm32f407xx.o(.text)
    RTC_Alarm_IRQHandler                     0x08000273   Thumb Code     0  startup_stm32f407xx.o(.text)
    RTC_WKUP_IRQHandler                      0x08000273   Thumb Code     0  startup_stm32f407xx.o(.text)
    SDIO_IRQHandler                          0x08000273   Thumb Code     0  startup_stm32f407xx.o(.text)
    SPI1_IRQHandler                          0x08000273   Thumb Code     0  startup_stm32f407xx.o(.text)
    SPI2_IRQHandler                          0x08000273   Thumb Code     0  startup_stm32f407xx.o(.text)
    SPI3_IRQHandler                          0x08000273   Thumb Code     0  startup_stm32f407xx.o(.text)
    TAMP_STAMP_IRQHandler                    0x08000273   Thumb Code     0  startup_stm32f407xx.o(.text)
    TIM1_BRK_TIM9_IRQHandler                 0x08000273   Thumb Code     0  startup_stm32f407xx.o(.text)
    TIM1_TRG_COM_TIM11_IRQHandler            0x08000273   Thumb Code     0  startup_stm32f407xx.o(.text)
    TIM1_UP_TIM10_IRQHandler                 0x08000273   Thumb Code     0  startup_stm32f407xx.o(.text)
    TIM4_IRQHandler                          0x08000273   Thumb Code     0  startup_stm32f407xx.o(.text)
    TIM5_IRQHandler                          0x08000273   Thumb Code     0  startup_stm32f407xx.o(.text)
    TIM6_DAC_IRQHandler                      0x08000273   Thumb Code     0  startup_stm32f407xx.o(.text)
    TIM8_BRK_TIM12_IRQHandler                0x08000273   Thumb Code     0  startup_stm32f407xx.o(.text)
    TIM8_CC_IRQHandler                       0x08000273   Thumb Code     0  startup_stm32f407xx.o(.text)
    TIM8_UP_TIM13_IRQHandler                 0x08000273   Thumb Code     0  startup_stm32f407xx.o(.text)
    UART4_IRQHandler                         0x08000273   Thumb Code     0  startup_stm32f407xx.o(.text)
    UART5_IRQHandler                         0x08000273   Thumb Code     0  startup_stm32f407xx.o(.text)
    USART1_IRQHandler                        0x08000273   Thumb Code     0  startup_stm32f407xx.o(.text)
    USART6_IRQHandler                        0x08000273   Thumb Code     0  startup_stm32f407xx.o(.text)
    WWDG_IRQHandler                          0x08000273   Thumb Code     0  startup_stm32f407xx.o(.text)
    arm_abs_f32                              0x0800027d   Thumb Code    86  arm_abs_f32.o(.text)
    arm_pid_init_f32                         0x080002d3   Thumb Code    56  arm_pid_init_f32.o(.text)
    arm_pid_reset_f32                        0x0800030b   Thumb Code    10  arm_pid_reset_f32.o(.text)
    __aeabi_uldivmod                         0x08000315   Thumb Code    98  uldiv.o(.text)
    __aeabi_memcpy                           0x08000377   Thumb Code    36  memcpya.o(.text)
    __aeabi_memcpy4                          0x08000377   Thumb Code     0  memcpya.o(.text)
    __aeabi_memcpy8                          0x08000377   Thumb Code     0  memcpya.o(.text)
    __aeabi_memset                           0x0800039b   Thumb Code    14  memseta.o(.text)
    __aeabi_memset4                          0x0800039b   Thumb Code     0  memseta.o(.text)
    __aeabi_memset8                          0x0800039b   Thumb Code     0  memseta.o(.text)
    __aeabi_memclr                           0x080003a9   Thumb Code     4  memseta.o(.text)
    __aeabi_memclr4                          0x080003a9   Thumb Code     0  memseta.o(.text)
    __aeabi_memclr8                          0x080003a9   Thumb Code     0  memseta.o(.text)
    _memset$wrapper                          0x080003ad   Thumb Code    18  memseta.o(.text)
    __aeabi_llsl                             0x080003bf   Thumb Code    30  llshl.o(.text)
    _ll_shift_l                              0x080003bf   Thumb Code     0  llshl.o(.text)
    __aeabi_llsr                             0x080003dd   Thumb Code    32  llushr.o(.text)
    _ll_ushift_r                             0x080003dd   Thumb Code     0  llushr.o(.text)
    __scatterload                            0x080003fd   Thumb Code    28  init.o(.text)
    __scatterload_rt2                        0x080003fd   Thumb Code     0  init.o(.text)
    __decompress                             0x08000421   Thumb Code     0  __dczerorl2.o(.text)
    __decompress1                            0x08000421   Thumb Code    86  __dczerorl2.o(.text)
    Angle2Pulse                              0x08000479   Thumb Code    76  servoctrl.o(i.Angle2Pulse)
    AngleRun                                 0x080004cd   Thumb Code   268  servoctrl.o(i.AngleRun)
    BusFault_Handler                         0x080005dd   Thumb Code     4  stm32f4xx_it.o(i.BusFault_Handler)
    DMA1_Stream1_IRQHandler                  0x080005e1   Thumb Code    10  stm32f4xx_it.o(i.DMA1_Stream1_IRQHandler)
    DMA1_Stream3_IRQHandler                  0x080005f1   Thumb Code    10  stm32f4xx_it.o(i.DMA1_Stream3_IRQHandler)
    DMA1_Stream5_IRQHandler                  0x08000601   Thumb Code    10  stm32f4xx_it.o(i.DMA1_Stream5_IRQHandler)
    DMA1_Stream6_IRQHandler                  0x08000611   Thumb Code    10  stm32f4xx_it.o(i.DMA1_Stream6_IRQHandler)
    DWT_Delay_Init                           0x0800072d   Thumb Code    68  dwt_stm32_delay.o(i.DWT_Delay_Init)
    DebugMon_Handler                         0x080007a9   Thumb Code     2  stm32f4xx_it.o(i.DebugMon_Handler)
    EXTI9_5_IRQHandler                       0x080007ab   Thumb Code    20  stm32f4xx_it.o(i.EXTI9_5_IRQHandler)
    EchoFreertosInit                         0x080007c1   Thumb Code   344  echo.o(i.EchoFreertosInit)
    Echo_1task                               0x08000989   Thumb Code   180  echo.o(i.Echo_1task)
    Echo_2task                               0x08000a55   Thumb Code   180  echo.o(i.Echo_2task)
    Echo_3task                               0x08000b21   Thumb Code   180  echo.o(i.Echo_3task)
    Echo_4task                               0x08000bed   Thumb Code   180  echo.o(i.Echo_4task)
    Echo_5task                               0x08000cb9   Thumb Code   180  echo.o(i.Echo_5task)
    Echo_6task                               0x08000d85   Thumb Code   182  echo.o(i.Echo_6task)
    HAL_DMA_Abort_IT                         0x08000e55   Thumb Code    40  stm32f4xx_hal_dma.o(i.HAL_DMA_Abort_IT)
    HAL_DMA_IRQHandler                       0x08000e7d   Thumb Code   570  stm32f4xx_hal_dma.o(i.HAL_DMA_IRQHandler)
    HAL_DMA_Init                             0x080010bd   Thumb Code   232  stm32f4xx_hal_dma.o(i.HAL_DMA_Init)
    HAL_DMA_Start_IT                         0x080011a9   Thumb Code   158  stm32f4xx_hal_dma.o(i.HAL_DMA_Start_IT)
    HAL_Delay                                0x08001249   Thumb Code    36  stm32f4xx_hal.o(i.HAL_Delay)
    HAL_GPIO_EXTI_Callback                   0x08001271   Thumb Code    48  servoctrl.o(i.HAL_GPIO_EXTI_Callback)
    HAL_GPIO_EXTI_IRQHandler                 0x080012a5   Thumb Code    24  stm32f4xx_hal_gpio.o(i.HAL_GPIO_EXTI_IRQHandler)
    HAL_GPIO_Init                            0x080012c1   Thumb Code   466  stm32f4xx_hal_gpio.o(i.HAL_GPIO_Init)
    HAL_GPIO_ReadPin                         0x080014c1   Thumb Code    16  stm32f4xx_hal_gpio.o(i.HAL_GPIO_ReadPin)
    HAL_GPIO_TogglePin                       0x080014d1   Thumb Code     8  stm32f4xx_hal_gpio.o(i.HAL_GPIO_TogglePin)
    HAL_GPIO_WritePin                        0x080014d9   Thumb Code    12  stm32f4xx_hal_gpio.o(i.HAL_GPIO_WritePin)
    HAL_GetTick                              0x080014e5   Thumb Code     6  stm32f4xx_hal.o(i.HAL_GetTick)
    HAL_IncTick                              0x080014f1   Thumb Code    16  stm32f4xx_hal.o(i.HAL_IncTick)
    HAL_Init                                 0x08001509   Thumb Code    54  stm32f4xx_hal.o(i.HAL_Init)
    HAL_InitTick                             0x08001545   Thumb Code   122  stm32f4xx_hal_timebase_tim.o(i.HAL_InitTick)
    HAL_MspInit                              0x080015d1   Thumb Code   150  stm32f4xx_hal_msp.o(i.HAL_MspInit)
    HAL_NVIC_EnableIRQ                       0x0800166d   Thumb Code    26  stm32f4xx_hal_cortex.o(i.HAL_NVIC_EnableIRQ)
    HAL_NVIC_SetPriority                     0x08001687   Thumb Code   124  stm32f4xx_hal_cortex.o(i.HAL_NVIC_SetPriority)
    HAL_NVIC_SetPriorityGrouping             0x08001705   Thumb Code    32  stm32f4xx_hal_cortex.o(i.HAL_NVIC_SetPriorityGrouping)
    HAL_RCC_ClockConfig                      0x0800172d   Thumb Code   366  stm32f4xx_hal_rcc.o(i.HAL_RCC_ClockConfig)
    HAL_RCC_GetClockConfig                   0x080018ad   Thumb Code    58  stm32f4xx_hal_rcc.o(i.HAL_RCC_GetClockConfig)
    HAL_RCC_GetHCLKFreq                      0x080018f1   Thumb Code     6  stm32f4xx_hal_rcc.o(i.HAL_RCC_GetHCLKFreq)
    HAL_RCC_GetPCLK1Freq                     0x080018fd   Thumb Code    22  stm32f4xx_hal_rcc.o(i.HAL_RCC_GetPCLK1Freq)
    HAL_RCC_GetPCLK2Freq                     0x0800191d   Thumb Code    22  stm32f4xx_hal_rcc.o(i.HAL_RCC_GetPCLK2Freq)
    HAL_RCC_GetSysClockFreq                  0x0800193d   Thumb Code   162  stm32f4xx_hal_rcc.o(i.HAL_RCC_GetSysClockFreq)
    HAL_RCC_OscConfig                        0x080019ed   Thumb Code  1086  stm32f4xx_hal_rcc.o(i.HAL_RCC_OscConfig)
    HAL_SYSTICK_CLKSourceConfig              0x08001e35   Thumb Code    40  stm32f4xx_hal_cortex.o(i.HAL_SYSTICK_CLKSourceConfig)
    HAL_SYSTICK_Config                       0x08001e5d   Thumb Code    52  stm32f4xx_hal_cortex.o(i.HAL_SYSTICK_Config)
    HAL_TIMEx_BreakCallback                  0x08001e91   Thumb Code     2  stm32f4xx_hal_tim_ex.o(i.HAL_TIMEx_BreakCallback)
    HAL_TIMEx_CommutationCallback            0x08001e93   Thumb Code     2  stm32f4xx_hal_tim_ex.o(i.HAL_TIMEx_CommutationCallback)
    HAL_TIMEx_MasterConfigSynchronization    0x08001e95   Thumb Code    98  stm32f4xx_hal_tim_ex.o(i.HAL_TIMEx_MasterConfigSynchronization)
    HAL_TIM_Base_Init                        0x08001ef7   Thumb Code    52  stm32f4xx_hal_tim.o(i.HAL_TIM_Base_Init)
    HAL_TIM_Base_MspInit                     0x08001f2b   Thumb Code     2  stm32f4xx_hal_tim.o(i.HAL_TIM_Base_MspInit)
    HAL_TIM_Base_Start_IT                    0x08001f2d   Thumb Code    30  stm32f4xx_hal_tim.o(i.HAL_TIM_Base_Start_IT)
    HAL_TIM_Encoder_Init                     0x08001f4b   Thumb Code   180  stm32f4xx_hal_tim.o(i.HAL_TIM_Encoder_Init)
    HAL_TIM_Encoder_MspInit                  0x08002001   Thumb Code   170  stm32f4xx_hal_msp.o(i.HAL_TIM_Encoder_MspInit)
    HAL_TIM_Encoder_Start                    0x080020c1   Thumb Code    78  stm32f4xx_hal_tim.o(i.HAL_TIM_Encoder_Start)
    HAL_TIM_IC_CaptureCallback               0x08002111   Thumb Code   374  echo.o(i.HAL_TIM_IC_CaptureCallback)
    HAL_TIM_IC_ConfigChannel                 0x080022c5   Thumb Code   224  stm32f4xx_hal_tim.o(i.HAL_TIM_IC_ConfigChannel)
    HAL_TIM_IC_Init                          0x080023a5   Thumb Code    52  stm32f4xx_hal_tim.o(i.HAL_TIM_IC_Init)
    HAL_TIM_IC_MspInit                       0x080023d9   Thumb Code   184  stm32f4xx_hal_msp.o(i.HAL_TIM_IC_MspInit)
    HAL_TIM_IC_Start_IT                      0x080024a1   Thumb Code   108  stm32f4xx_hal_tim.o(i.HAL_TIM_IC_Start_IT)
    HAL_TIM_IRQHandler                       0x0800250d   Thumb Code   406  stm32f4xx_hal_tim.o(i.HAL_TIM_IRQHandler)
    HAL_TIM_MspPostInit                      0x080026a5   Thumb Code   108  stm32f4xx_hal_msp.o(i.HAL_TIM_MspPostInit)
    HAL_TIM_OC_DelayElapsedCallback          0x08002725   Thumb Code     2  stm32f4xx_hal_tim.o(i.HAL_TIM_OC_DelayElapsedCallback)
    HAL_TIM_PWM_ConfigChannel                0x08002727   Thumb Code   264  stm32f4xx_hal_tim.o(i.HAL_TIM_PWM_ConfigChannel)
    HAL_TIM_PWM_Init                         0x0800282f   Thumb Code    52  stm32f4xx_hal_tim.o(i.HAL_TIM_PWM_Init)
    HAL_TIM_PWM_MspInit                      0x08002865   Thumb Code   108  stm32f4xx_hal_msp.o(i.HAL_TIM_PWM_MspInit)
    HAL_TIM_PWM_PulseFinishedCallback        0x080028dd   Thumb Code    88  servoctrl.o(i.HAL_TIM_PWM_PulseFinishedCallback)
    HAL_TIM_PWM_Start                        0x0800293d   Thumb Code    68  stm32f4xx_hal_tim.o(i.HAL_TIM_PWM_Start)
    HAL_TIM_PWM_Start_IT                     0x08002989   Thumb Code   144  stm32f4xx_hal_tim.o(i.HAL_TIM_PWM_Start_IT)
    HAL_TIM_PeriodElapsedCallback            0x08002a21   Thumb Code    18  main.o(i.HAL_TIM_PeriodElapsedCallback)
    HAL_TIM_ReadCapturedValue                0x08002a39   Thumb Code    84  stm32f4xx_hal_tim.o(i.HAL_TIM_ReadCapturedValue)
    HAL_TIM_TriggerCallback                  0x08002a8d   Thumb Code     2  stm32f4xx_hal_tim.o(i.HAL_TIM_TriggerCallback)
    HAL_UART_AbortReceiveCpltCallback        0x08002a8f   Thumb Code     2  stm32f4xx_hal_uart.o(i.HAL_UART_AbortReceiveCpltCallback)
    HAL_UART_AbortReceive_IT                 0x08002a91   Thumb Code   114  stm32f4xx_hal_uart.o(i.HAL_UART_AbortReceive_IT)
    HAL_UART_ErrorCallback                   0x08002b09   Thumb Code     2  stm32f4xx_hal_uart.o(i.HAL_UART_ErrorCallback)
    HAL_UART_IRQHandler                      0x08002b0d   Thumb Code   326  stm32f4xx_hal_uart.o(i.HAL_UART_IRQHandler)
    HAL_UART_Init                            0x08002c59   Thumb Code   114  stm32f4xx_hal_uart.o(i.HAL_UART_Init)
    HAL_UART_MspInit                         0x08002ccd   Thumb Code   460  stm32f4xx_hal_msp.o(i.HAL_UART_MspInit)
    HAL_UART_Receive_DMA                     0x08002edd   Thumb Code   182  stm32f4xx_hal_uart.o(i.HAL_UART_Receive_DMA)
    HAL_UART_RxCpltCallback                  0x08002fa1   Thumb Code     2  myuart.o(i.HAL_UART_RxCpltCallback)
    HAL_UART_RxHalfCpltCallback              0x08002fa3   Thumb Code     2  myuart.o(i.HAL_UART_RxHalfCpltCallback)
    HAL_UART_TxCpltCallback                  0x08002fa5   Thumb Code     2  stm32f4xx_hal_uart.o(i.HAL_UART_TxCpltCallback)
    HardFault_Handler                        0x08002fa7   Thumb Code     4  stm32f4xx_it.o(i.HardFault_Handler)
    KalmanFilter                             0x08002fab   Thumb Code    94  mymath.o(i.KalmanFilter)
    MemManage_Handler                        0x080036b1   Thumb Code     4  stm32f4xx_it.o(i.MemManage_Handler)
    NMI_Handler                              0x080036b5   Thumb Code     2  stm32f4xx_it.o(i.NMI_Handler)
    ServoCtrlFreertosInit                    0x080036f1   Thumb Code   158  servoctrl.o(i.ServoCtrlFreertosInit)
    ServoCtrlTask                            0x080037b9   Thumb Code   362  servoctrl.o(i.ServoCtrlTask)
    StartDefaultTask                         0x08003ca5   Thumb Code    10  main.o(i.StartDefaultTask)
    SysTick_Handler                          0x08003caf   Thumb Code     8  stm32f4xx_it.o(i.SysTick_Handler)
    SystemClock_Config                       0x08003cb9   Thumb Code   198  main.o(i.SystemClock_Config)
    SystemInit                               0x08003d99   Thumb Code    82  system_stm32f4xx.o(i.SystemInit)
    TIM1_CC_IRQHandler                       0x08003dfd   Thumb Code    10  stm32f4xx_it.o(i.TIM1_CC_IRQHandler)
    TIM2_IRQHandler                          0x08003e0d   Thumb Code    10  stm32f4xx_it.o(i.TIM2_IRQHandler)
    TIM3_IRQHandler                          0x08003e1d   Thumb Code    10  stm32f4xx_it.o(i.TIM3_IRQHandler)
    TIM7_IRQHandler                          0x08003e2d   Thumb Code    10  stm32f4xx_it.o(i.TIM7_IRQHandler)
    TIM8_TRG_COM_TIM14_IRQHandler            0x08003e3d   Thumb Code    10  stm32f4xx_it.o(i.TIM8_TRG_COM_TIM14_IRQHandler)
    TIM_Base_SetConfig                       0x08003e4d   Thumb Code   184  stm32f4xx_hal_tim.o(i.TIM_Base_SetConfig)
    TIM_CCxChannelCmd                        0x08003f31   Thumb Code    28  stm32f4xx_hal_tim.o(i.TIM_CCxChannelCmd)
    TIM_OC2_SetConfig                        0x08003fbd   Thumb Code   112  stm32f4xx_hal_tim.o(i.TIM_OC2_SetConfig)
    TIM_TI1_SetConfig                        0x0800410d   Thumb Code   122  stm32f4xx_hal_tim.o(i.TIM_TI1_SetConfig)
    USART2_IRQHandler                        0x080047ed   Thumb Code    16  stm32f4xx_it.o(i.USART2_IRQHandler)
    USART3_IRQHandler                        0x08004801   Thumb Code    16  stm32f4xx_it.o(i.USART3_IRQHandler)
    USARTReceive_IDLE                        0x08004815   Thumb Code   150  myuart.o(i.USARTReceive_IDLE)
    UsageFault_Handler                       0x080048cd   Thumb Code     4  stm32f4xx_it.o(i.UsageFault_Handler)
    _Error_Handler                           0x080048d1   Thumb Code    22  main.o(i._Error_Handler)
    __scatterload_copy                       0x080048ed   Thumb Code    14  handlers.o(i.__scatterload_copy)
    __scatterload_null                       0x080048fb   Thumb Code     2  handlers.o(i.__scatterload_null)
    __scatterload_zeroinit                   0x080048fd   Thumb Code    14  handlers.o(i.__scatterload_zeroinit)
    catsome                                  0x0800494d   Thumb Code   334  servoctrl.o(i.catsome)
    main                                     0x08004ad5   Thumb Code   236  main.o(i.main)
    main_1task                               0x08004be1   Thumb Code  1776  main.o(i.main_1task)
    moto_angle                               0x08005311   Thumb Code   414  moto.o(i.moto_angle)
    moto_backDis                             0x080054cd   Thumb Code   170  moto.o(i.moto_backDis)
    moto_controltask                         0x0800559d   Thumb Code   528  moto.o(i.moto_controltask)
    moto_frontDis                            0x08005809   Thumb Code   158  moto.o(i.moto_frontDis)
    moto_jztask                              0x080058cd   Thumb Code  1596  moto.o(i.moto_jztask)
    moto_left                                0x08005f41   Thumb Code    56  moto.o(i.moto_left)
    moto_right                               0x08005f81   Thumb Code    56  moto.o(i.moto_right)
    moto_stop                                0x08005fc1   Thumb Code    12  moto.o(i.moto_stop)
    mputask                                  0x08005fd5   Thumb Code   166  mpu.o(i.mputask)
    osDelay                                  0x08006099   Thumb Code    24  cmsis_os.o(i.osDelay)
    osDelayUntil                             0x080060b1   Thumb Code    28  cmsis_os.o(i.osDelayUntil)
    osKernelStart                            0x080060cd   Thumb Code    10  cmsis_os.o(i.osKernelStart)
    osKernelSysTick                          0x080060d7   Thumb Code    20  cmsis_os.o(i.osKernelSysTick)
    osSignalSet                              0x080060ed   Thumb Code    92  cmsis_os.o(i.osSignalSet)
    osSignalWait                             0x0800614d   Thumb Code    98  cmsis_os.o(i.osSignalWait)
    osSystickHandler                         0x080061af   Thumb Code    16  cmsis_os.o(i.osSystickHandler)
    osThreadCreate                           0x080061bf   Thumb Code    48  cmsis_os.o(i.osThreadCreate)
    pvPortMalloc                             0x080066a1   Thumb Code   296  heap_4.o(i.pvPortMalloc)
    pxPortInitialiseStack                    0x080067dd   Thumb Code    38  port.o(i.pxPortInitialiseStack)
    readResu                                 0x08006809   Thumb Code    62  servoctrl.o(i.readResu)
    setServo                                 0x08006855   Thumb Code     8  servoctrl.o(i.setServo)
    uxListRemove                             0x0800685d   Thumb Code    40  list.o(i.uxListRemove)
    vListInitialise                          0x08006885   Thumb Code    26  list.o(i.vListInitialise)
    vListInitialiseItem                      0x0800689f   Thumb Code     6  list.o(i.vListInitialiseItem)
    vListInsert                              0x080068a5   Thumb Code    52  list.o(i.vListInsert)
    vListInsertEnd                           0x080068d9   Thumb Code    24  list.o(i.vListInsertEnd)
    vPortEnterCritical                       0x080068f1   Thumb Code    76  port.o(i.vPortEnterCritical)
    vPortExitCritical                        0x08006945   Thumb Code    56  port.o(i.vPortExitCritical)
    vPortFree                                0x08006981   Thumb Code   140  heap_4.o(i.vPortFree)
    vPortSetupTimerInterrupt                 0x08006a15   Thumb Code    26  port.o(i.vPortSetupTimerInterrupt)
    vPortValidateInterruptPriority           0x08006a35   Thumb Code   106  port.o(i.vPortValidateInterruptPriority)
    vTaskDelay                               0x08006aad   Thumb Code    82  tasks.o(i.vTaskDelay)
    vTaskDelayUntil                          0x08006b09   Thumb Code   200  tasks.o(i.vTaskDelayUntil)
    vTaskResume                              0x08006bdd   Thumb Code   128  tasks.o(i.vTaskResume)
    vTaskStartScheduler                      0x08006c6d   Thumb Code   108  tasks.o(i.vTaskStartScheduler)
    vTaskSuspend                             0x08006cf5   Thumb Code   196  tasks.o(i.vTaskSuspend)
    vTaskSuspendAll                          0x08006dd9   Thumb Code    12  tasks.o(i.vTaskSuspendAll)
    vTaskSwitchContext                       0x08006de9   Thumb Code   118  tasks.o(i.vTaskSwitchContext)
    xPortStartScheduler                      0x08006e75   Thumb Code   288  port.o(i.xPortStartScheduler)
    xPortSysTickHandler                      0x08006fb1   Thumb Code    46  port.o(i.xPortSysTickHandler)
    xTaskCreate                              0x08006fe5   Thumb Code    96  tasks.o(i.xTaskCreate)
    xTaskGenericNotify                       0x08007045   Thumb Code   242  tasks.o(i.xTaskGenericNotify)
    xTaskGenericNotifyFromISR                0x08007149   Thumb Code   298  tasks.o(i.xTaskGenericNotifyFromISR)
    xTaskGetSchedulerState                   0x0800728d   Thumb Code    24  tasks.o(i.xTaskGetSchedulerState)
    xTaskGetTickCount                        0x080072ad   Thumb Code     6  tasks.o(i.xTaskGetTickCount)
    xTaskGetTickCountFromISR                 0x080072b9   Thumb Code    16  tasks.o(i.xTaskGetTickCountFromISR)
    xTaskIncrementTick                       0x080072cd   Thumb Code   282  tasks.o(i.xTaskIncrementTick)
    xTaskNotifyWait                          0x08007415   Thumb Code   150  tasks.o(i.xTaskNotifyWait)
    xTaskResumeAll                           0x080074b5   Thumb Code   224  tasks.o(i.xTaskResumeAll)
    AHBPrescTable                            0x080075c0   Data          16  system_stm32f4xx.o(.constdata)
    APBPrescTable                            0x080075d0   Data           8  system_stm32f4xx.o(.constdata)
    Region$$Table$$Base                      0x08007738   Number         0  anon$$obj.o(Region$$Table)
    Region$$Table$$Limit                     0x08007768   Number         0  anon$$obj.o(Region$$Table)
    SPDA_CM                                  0x10000000   Data           4  moto.o(ccmram)
    SPDB_CM                                  0x10000004   Data           4  moto.o(ccmram)
    disA_CM                                  0x10000008   Data           4  moto.o(ccmram)
    disB_CM                                  0x1000000c   Data           4  moto.o(ccmram)
    SPDA_PID                                 0x10000010   Data          36  moto.o(ccmram)
    SPDB_PID                                 0x10000034   Data          36  moto.o(ccmram)
    angle_temp1                              0x10000058   Data           2  moto.o(ccmram)
    angle_temp2                              0x1000005a   Data           2  moto.o(ccmram)
    angle_temp3                              0x1000005c   Data           2  moto.o(ccmram)
    angle_temp4                              0x1000005e   Data           2  moto.o(ccmram)
    angle_time                               0x10000060   Data           2  moto.o(ccmram)
    EdjlXCtrlPid                             0x10000064   Data          36  moto.o(ccmram)
    EdjlYCtrlPid                             0x10000088   Data          36  moto.o(ccmram)
    outEdjlX                                 0x100000ac   Data           4  moto.o(ccmram)
    outEdjlY                                 0x100000b0   Data           4  moto.o(ccmram)
    inputError                               0x100000b4   Data           4  moto.o(ccmram)
    outpida                                  0x100000b8   Data           4  moto.o(ccmram)
    outpidb                                  0x100000bc   Data           4  moto.o(ccmram)
    ED1                                      0x100000c0   Data           4  echo.o(ccmram)
    ED2                                      0x100000c4   Data           4  echo.o(ccmram)
    ED3                                      0x100000c8   Data           4  echo.o(ccmram)
    ED4                                      0x100000cc   Data           4  echo.o(ccmram)
    ED5                                      0x100000d0   Data           4  echo.o(ccmram)
    ED6                                      0x100000d4   Data           4  echo.o(ccmram)
    Echo1Kalman                              0x100000d8   Data          16  echo.o(ccmram)
    Echo2Kalman                              0x100000e8   Data          16  echo.o(ccmram)
    Echo3Kalman                              0x100000f8   Data          16  echo.o(ccmram)
    Echo4Kalman                              0x10000108   Data          16  echo.o(ccmram)
    Echo5Kalman                              0x10000118   Data          16  echo.o(ccmram)
    Echo6Kalman                              0x10000128   Data          16  echo.o(ccmram)
    uwTick                                   0x20000000   Data           4  stm32f4xx_hal.o(.data)
    uwTickPrio                               0x20000004   Data           4  stm32f4xx_hal.o(.data)
    uwTickFreq                               0x20000008   Data           1  stm32f4xx_hal.o(.data)
    pxCurrentTCB                             0x20000030   Data           4  tasks.o(.data)
    SystemCoreClock                          0x2000006c   Data           4  system_stm32f4xx.o(.data)
    SPDA                                     0x20000070   Data           4  moto.o(.data)
    SPDB                                     0x20000074   Data           4  moto.o(.data)
    SA                                       0x20000078   Data           2  moto.o(.data)
    SB                                       0x2000007a   Data           2  moto.o(.data)
    Timec                                    0x2000007c   Data           2  moto.o(.data)
    setSPA                                   0x20000080   Data           4  moto.o(.data)
    setSPB                                   0x20000084   Data           4  moto.o(.data)
    moto_control1                            0x20000088   Data           1  moto.o(.data)
    ReadDisA                                 0x2000008a   Data           2  moto.o(.data)
    ReadDisB                                 0x2000008c   Data           2  moto.o(.data)
    Edjldebug                                0x2000008e   Data           1  moto.o(.data)
    debuga                                   0x2000008f   Data           1  moto.o(.data)
    debugb                                   0x20000090   Data           1  moto.o(.data)
    EDjl1                                    0x200000b0   Data           4  echo.o(.data)
    EDjl2                                    0x200000b4   Data           4  echo.o(.data)
    EDjl3                                    0x200000b8   Data           4  echo.o(.data)
    EDjl4                                    0x200000bc   Data           4  echo.o(.data)
    EDjl5                                    0x200000c0   Data           4  echo.o(.data)
    EDjl6                                    0x200000c4   Data           4  echo.o(.data)
    echo1                                    0x200000c8   Data           8  echo.o(.data)
    echo2                                    0x200000d0   Data           8  echo.o(.data)
    echo3                                    0x200000d8   Data           8  echo.o(.data)
    echo4                                    0x200000e0   Data           8  echo.o(.data)
    echo5                                    0x200000e8   Data           8  echo.o(.data)
    echo6                                    0x200000f0   Data           8  echo.o(.data)
    Echo_1Handle                             0x200000f8   Data           4  echo.o(.data)
    Echo_2Handle                             0x200000fc   Data           4  echo.o(.data)
    Echo_3Handle                             0x20000100   Data           4  echo.o(.data)
    Echo_4Handle                             0x20000104   Data           4  echo.o(.data)
    Echo_5Handle                             0x20000108   Data           4  echo.o(.data)
    Echo_6Handle                             0x2000010c   Data           4  echo.o(.data)
    mpurebuf                                 0x20000110   Data           8  mpu.o(.data)
    YAW                                      0x20000118   Data           2  mpu.o(.data)
    PITCH                                    0x2000011a   Data           2  mpu.o(.data)
    ROLL                                     0x2000011c   Data           2  mpu.o(.data)
    ServoCtrlHandle                          0x20000120   Data           4  servoctrl.o(.data)
    plues                                    0x20000124   Data           4  servoctrl.o(.data)
    KenAngle                                 0x20000128   Data           1  servoctrl.o(.data)
    defaultTaskHandle                        0x2000012c   Data           4  main.o(.data)
    startinitHandle                          0x20000130   Data           4  main.o(.data)
    main_1Handle                             0x20000134   Data           4  main.o(.data)
    moto_jzHandle                            0x20000138   Data           4  main.o(.data)
    moto_controlHandle                       0x2000013c   Data           4  main.o(.data)
    TestHandle                               0x20000140   Data           4  main.o(.data)
    mpuHandle                                0x20000144   Data           4  main.o(.data)
    bzHandle                                 0x20000148   Data           4  main.o(.data)
    setSPEED                                 0x2000014c   Data           4  main.o(.data)
    speed                                    0x20000150   Data           4  main.o(.data)
    angleJS                                  0x20000154   Data           1  main.o(.data)
    setangle                                 0x20000155   Data           1  main.o(.data)
    motofrontorturn                          0x20000156   Data           1  main.o(.data)
    setfangx                                 0x20000157   Data           1  main.o(.data)
    TurnDis                                  0x20000158   Data           2  main.o(.data)
    LowSpeed                                 0x2000015a   Data           2  main.o(.data)
    ServoCtrlS1                              0x20003e4c   Data          16  servoctrl.o(.bss)
    ServoCtrlS2                              0x20003e5c   Data          16  servoctrl.o(.bss)
    ServoCtrlS3                              0x20003e6c   Data          16  servoctrl.o(.bss)
    ServoCtrlCam                             0x20003e7c   Data          16  servoctrl.o(.bss)
    recresu                                  0x20003e8c   Data          10  servoctrl.o(.bss)
    rec                                      0x20003e96   Data          10  servoctrl.o(.bss)
    uart3_rx_buffer                          0x20003ea0   Data          30  myuart.o(.bss)
    uart2_rx_buffer                          0x20003ebe   Data          16  myuart.o(.bss)
    htim1                                    0x20003ed0   Data          60  main.o(.bss)
    htim2                                    0x20003f0c   Data          60  main.o(.bss)
    htim3                                    0x20003f48   Data          60  main.o(.bss)
    htim4                                    0x20003f84   Data          60  main.o(.bss)
    htim8                                    0x20003fc0   Data          60  main.o(.bss)
    htim9                                    0x20003ffc   Data          60  main.o(.bss)
    huart2                                   0x20004038   Data          64  main.o(.bss)
    huart3                                   0x20004078   Data          64  main.o(.bss)
    hdma_usart2_rx                           0x200040b8   Data          96  main.o(.bss)
    hdma_usart2_tx                           0x20004118   Data          96  main.o(.bss)
    hdma_usart3_rx                           0x20004178   Data          96  main.o(.bss)
    hdma_usart3_tx                           0x200041d8   Data          96  main.o(.bss)
    htim7                                    0x20004238   Data          60  stm32f4xx_hal_timebase_tim.o(.bss)
    __initial_sp                             0x20004678   Data           0  startup_stm32f407xx.o(STACK)



==============================================================================

Memory Map of the image

  Image Entry point : 0x08000189

  Load Region LR_IROM1 (Base: 0x08000000, Size: 0x000079fc, Max: 0x00100000, ABSOLUTE, COMPRESSED[0x00007788])

    Execution Region ER_IROM1 (Exec base: 0x08000000, Load base: 0x08000000, Size: 0x00007768, Max: 0x00100000, ABSOLUTE)

    Exec Addr    Load Addr    Size         Type   Attr      Idx    E Section Name        Object

    0x08000000   0x08000000   0x00000188   Data   RO         2405    RESET               startup_stm32f407xx.o
    0x08000188   0x08000188   0x00000000   Code   RO         4576  * .ARM.Collect$$$$00000000  mc_w.l(entry.o)
    0x08000188   0x08000188   0x00000004   Code   RO         4617    .ARM.Collect$$$$00000001  mc_w.l(entry2.o)
    0x0800018c   0x0800018c   0x00000004   Code   RO         4620    .ARM.Collect$$$$00000004  mc_w.l(entry5.o)
    0x08000190   0x08000190   0x00000000   Code   RO         4622    .ARM.Collect$$$$00000008  mc_w.l(entry7b.o)
    0x08000190   0x08000190   0x00000000   Code   RO         4624    .ARM.Collect$$$$0000000A  mc_w.l(entry8b.o)
    0x08000190   0x08000190   0x00000008   Code   RO         4625    .ARM.Collect$$$$0000000B  mc_w.l(entry9a.o)
    0x08000198   0x08000198   0x00000000   Code   RO         4627    .ARM.Collect$$$$0000000D  mc_w.l(entry10a.o)
    0x08000198   0x08000198   0x00000000   Code   RO         4629    .ARM.Collect$$$$0000000F  mc_w.l(entry11a.o)
    0x08000198   0x08000198   0x00000004   Code   RO         4618    .ARM.Collect$$$$00002712  mc_w.l(entry2.o)
    0x0800019c   0x0800019c   0x000000ba   Code   RO         2493    .emb_text           port.o
    0x08000256   0x08000256   0x00000002   PAD
    0x08000258   0x08000258   0x00000024   Code   RO         2406    .text               startup_stm32f407xx.o
    0x0800027c   0x0800027c   0x00000056   Code   RO         4493    .text               arm_cortexM4lf_math.lib(arm_abs_f32.o)
    0x080002d2   0x080002d2   0x00000038   Code   RO         4538    .text               arm_cortexM4lf_math.lib(arm_pid_init_f32.o)
    0x0800030a   0x0800030a   0x0000000a   Code   RO         4558    .text               arm_cortexM4lf_math.lib(arm_pid_reset_f32.o)
    0x08000314   0x08000314   0x00000062   Code   RO         4579    .text               mc_w.l(uldiv.o)
    0x08000376   0x08000376   0x00000024   Code   RO         4581    .text               mc_w.l(memcpya.o)
    0x0800039a   0x0800039a   0x00000024   Code   RO         4583    .text               mc_w.l(memseta.o)
    0x080003be   0x080003be   0x0000001e   Code   RO         4636    .text               mc_w.l(llshl.o)
    0x080003dc   0x080003dc   0x00000020   Code   RO         4638    .text               mc_w.l(llushr.o)
    0x080003fc   0x080003fc   0x00000024   Code   RO         4651    .text               mc_w.l(init.o)
    0x08000420   0x08000420   0x00000056   Code   RO         4667    .text               mc_w.l(__dczerorl2.o)
    0x08000476   0x08000476   0x00000002   PAD
    0x08000478   0x08000478   0x00000054   Code   RO         3964    i.Angle2Pulse       servoctrl.o
    0x080004cc   0x080004cc   0x00000110   Code   RO         3965    i.AngleRun          servoctrl.o
    0x080005dc   0x080005dc   0x00000004   Code   RO         4236    i.BusFault_Handler  stm32f4xx_it.o
    0x080005e0   0x080005e0   0x00000010   Code   RO         4237    i.DMA1_Stream1_IRQHandler  stm32f4xx_it.o
    0x080005f0   0x080005f0   0x00000010   Code   RO         4238    i.DMA1_Stream3_IRQHandler  stm32f4xx_it.o
    0x08000600   0x08000600   0x00000010   Code   RO         4239    i.DMA1_Stream5_IRQHandler  stm32f4xx_it.o
    0x08000610   0x08000610   0x00000010   Code   RO         4240    i.DMA1_Stream6_IRQHandler  stm32f4xx_it.o
    0x08000620   0x08000620   0x00000034   Code   RO         1815    i.DMA_CalcBaseAndBitshift  stm32f4xx_hal_dma.o
    0x08000654   0x08000654   0x000000aa   Code   RO         1816    i.DMA_CheckFifoParam  stm32f4xx_hal_dma.o
    0x080006fe   0x080006fe   0x0000002c   Code   RO         1817    i.DMA_SetConfig     stm32f4xx_hal_dma.o
    0x0800072a   0x0800072a   0x00000002   PAD
    0x0800072c   0x0800072c   0x0000004c   Code   RO         3925    i.DWT_Delay_Init    dwt_stm32_delay.o
    0x08000778   0x08000778   0x00000030   Code   RO         3734    i.DWT_Delay_us      echo.o
    0x080007a8   0x080007a8   0x00000002   Code   RO         4241    i.DebugMon_Handler  stm32f4xx_it.o
    0x080007aa   0x080007aa   0x00000014   Code   RO         4242    i.EXTI9_5_IRQHandler  stm32f4xx_it.o
    0x080007be   0x080007be   0x00000002   PAD
    0x080007c0   0x080007c0   0x000001c8   Code   RO         3735    i.EchoFreertosInit  echo.o
    0x08000988   0x08000988   0x000000cc   Code   RO         3736    i.Echo_1task        echo.o
    0x08000a54   0x08000a54   0x000000cc   Code   RO         3737    i.Echo_2task        echo.o
    0x08000b20   0x08000b20   0x000000cc   Code   RO         3738    i.Echo_3task        echo.o
    0x08000bec   0x08000bec   0x000000cc   Code   RO         3739    i.Echo_4task        echo.o
    0x08000cb8   0x08000cb8   0x000000cc   Code   RO         3740    i.Echo_5task        echo.o
    0x08000d84   0x08000d84   0x000000d0   Code   RO         3741    i.Echo_6task        echo.o
    0x08000e54   0x08000e54   0x00000028   Code   RO         1819    i.HAL_DMA_Abort_IT  stm32f4xx_hal_dma.o
    0x08000e7c   0x08000e7c   0x00000240   Code   RO         1823    i.HAL_DMA_IRQHandler  stm32f4xx_hal_dma.o
    0x080010bc   0x080010bc   0x000000ec   Code   RO         1824    i.HAL_DMA_Init      stm32f4xx_hal_dma.o
    0x080011a8   0x080011a8   0x0000009e   Code   RO         1828    i.HAL_DMA_Start_IT  stm32f4xx_hal_dma.o
    0x08001246   0x08001246   0x00000002   PAD
    0x08001248   0x08001248   0x00000028   Code   RO         2242    i.HAL_Delay         stm32f4xx_hal.o
    0x08001270   0x08001270   0x00000034   Code   RO         3966    i.HAL_GPIO_EXTI_Callback  servoctrl.o
    0x080012a4   0x080012a4   0x0000001c   Code   RO         1710    i.HAL_GPIO_EXTI_IRQHandler  stm32f4xx_hal_gpio.o
    0x080012c0   0x080012c0   0x00000200   Code   RO         1711    i.HAL_GPIO_Init     stm32f4xx_hal_gpio.o
    0x080014c0   0x080014c0   0x00000010   Code   RO         1713    i.HAL_GPIO_ReadPin  stm32f4xx_hal_gpio.o
    0x080014d0   0x080014d0   0x00000008   Code   RO         1714    i.HAL_GPIO_TogglePin  stm32f4xx_hal_gpio.o
    0x080014d8   0x080014d8   0x0000000c   Code   RO         1715    i.HAL_GPIO_WritePin  stm32f4xx_hal_gpio.o
    0x080014e4   0x080014e4   0x0000000c   Code   RO         2248    i.HAL_GetTick       stm32f4xx_hal.o
    0x080014f0   0x080014f0   0x00000018   Code   RO         2252    i.HAL_IncTick       stm32f4xx_hal.o
    0x08001508   0x08001508   0x0000003c   Code   RO         2253    i.HAL_Init          stm32f4xx_hal.o
    0x08001544   0x08001544   0x0000008c   Code   RO         4454    i.HAL_InitTick      stm32f4xx_hal_timebase_tim.o
    0x080015d0   0x080015d0   0x0000009c   Code   RO         4375    i.HAL_MspInit       stm32f4xx_hal_msp.o
    0x0800166c   0x0800166c   0x0000001a   Code   RO         2100    i.HAL_NVIC_EnableIRQ  stm32f4xx_hal_cortex.o
    0x08001686   0x08001686   0x0000007c   Code   RO         2106    i.HAL_NVIC_SetPriority  stm32f4xx_hal_cortex.o
    0x08001702   0x08001702   0x00000002   PAD
    0x08001704   0x08001704   0x00000028   Code   RO         2107    i.HAL_NVIC_SetPriorityGrouping  stm32f4xx_hal_cortex.o
    0x0800172c   0x0800172c   0x00000180   Code   RO         1312    i.HAL_RCC_ClockConfig  stm32f4xx_hal_rcc.o
    0x080018ac   0x080018ac   0x00000044   Code   RO         1316    i.HAL_RCC_GetClockConfig  stm32f4xx_hal_rcc.o
    0x080018f0   0x080018f0   0x0000000c   Code   RO         1317    i.HAL_RCC_GetHCLKFreq  stm32f4xx_hal_rcc.o
    0x080018fc   0x080018fc   0x00000020   Code   RO         1319    i.HAL_RCC_GetPCLK1Freq  stm32f4xx_hal_rcc.o
    0x0800191c   0x0800191c   0x00000020   Code   RO         1320    i.HAL_RCC_GetPCLK2Freq  stm32f4xx_hal_rcc.o
    0x0800193c   0x0800193c   0x000000b0   Code   RO         1321    i.HAL_RCC_GetSysClockFreq  stm32f4xx_hal_rcc.o
    0x080019ec   0x080019ec   0x00000448   Code   RO         1324    i.HAL_RCC_OscConfig  stm32f4xx_hal_rcc.o
    0x08001e34   0x08001e34   0x00000028   Code   RO         2109    i.HAL_SYSTICK_CLKSourceConfig  stm32f4xx_hal_cortex.o
    0x08001e5c   0x08001e5c   0x00000034   Code   RO         2111    i.HAL_SYSTICK_Config  stm32f4xx_hal_cortex.o
    0x08001e90   0x08001e90   0x00000002   Code   RO          741    i.HAL_TIMEx_BreakCallback  stm32f4xx_hal_tim_ex.o
    0x08001e92   0x08001e92   0x00000002   Code   RO          742    i.HAL_TIMEx_CommutationCallback  stm32f4xx_hal_tim_ex.o
    0x08001e94   0x08001e94   0x00000062   Code   RO          758    i.HAL_TIMEx_MasterConfigSynchronization  stm32f4xx_hal_tim_ex.o
    0x08001ef6   0x08001ef6   0x00000034   Code   RO            6    i.HAL_TIM_Base_Init  stm32f4xx_hal_tim.o
    0x08001f2a   0x08001f2a   0x00000002   Code   RO            8    i.HAL_TIM_Base_MspInit  stm32f4xx_hal_tim.o
    0x08001f2c   0x08001f2c   0x0000001e   Code   RO           11    i.HAL_TIM_Base_Start_IT  stm32f4xx_hal_tim.o
    0x08001f4a   0x08001f4a   0x000000b4   Code   RO           24    i.HAL_TIM_Encoder_Init  stm32f4xx_hal_tim.o
    0x08001ffe   0x08001ffe   0x00000002   PAD
    0x08002000   0x08002000   0x000000c0   Code   RO         4377    i.HAL_TIM_Encoder_MspInit  stm32f4xx_hal_msp.o
    0x080020c0   0x080020c0   0x0000004e   Code   RO           27    i.HAL_TIM_Encoder_Start  stm32f4xx_hal_tim.o
    0x0800210e   0x0800210e   0x00000002   PAD
    0x08002110   0x08002110   0x000001b4   Code   RO         3742    i.HAL_TIM_IC_CaptureCallback  echo.o
    0x080022c4   0x080022c4   0x000000e0   Code   RO           36    i.HAL_TIM_IC_ConfigChannel  stm32f4xx_hal_tim.o
    0x080023a4   0x080023a4   0x00000034   Code   RO           39    i.HAL_TIM_IC_Init   stm32f4xx_hal_tim.o
    0x080023d8   0x080023d8   0x000000c8   Code   RO         4379    i.HAL_TIM_IC_MspInit  stm32f4xx_hal_msp.o
    0x080024a0   0x080024a0   0x0000006c   Code   RO           44    i.HAL_TIM_IC_Start_IT  stm32f4xx_hal_tim.o
    0x0800250c   0x0800250c   0x00000196   Code   RO           48    i.HAL_TIM_IRQHandler  stm32f4xx_hal_tim.o
    0x080026a2   0x080026a2   0x00000002   PAD
    0x080026a4   0x080026a4   0x00000080   Code   RO         4380    i.HAL_TIM_MspPostInit  stm32f4xx_hal_msp.o
    0x08002724   0x08002724   0x00000002   Code   RO           51    i.HAL_TIM_OC_DelayElapsedCallback  stm32f4xx_hal_tim.o
    0x08002726   0x08002726   0x00000108   Code   RO           72    i.HAL_TIM_PWM_ConfigChannel  stm32f4xx_hal_tim.o
    0x0800282e   0x0800282e   0x00000034   Code   RO           75    i.HAL_TIM_PWM_Init  stm32f4xx_hal_tim.o
    0x08002862   0x08002862   0x00000002   PAD
    0x08002864   0x08002864   0x00000078   Code   RO         4382    i.HAL_TIM_PWM_MspInit  stm32f4xx_hal_msp.o
    0x080028dc   0x080028dc   0x00000060   Code   RO         3967    i.HAL_TIM_PWM_PulseFinishedCallback  servoctrl.o
    0x0800293c   0x0800293c   0x0000004c   Code   RO           79    i.HAL_TIM_PWM_Start  stm32f4xx_hal_tim.o
    0x08002988   0x08002988   0x00000098   Code   RO           81    i.HAL_TIM_PWM_Start_IT  stm32f4xx_hal_tim.o
    0x08002a20   0x08002a20   0x00000018   Code   RO         4093    i.HAL_TIM_PeriodElapsedCallback  main.o
    0x08002a38   0x08002a38   0x00000054   Code   RO           86    i.HAL_TIM_ReadCapturedValue  stm32f4xx_hal_tim.o
    0x08002a8c   0x08002a8c   0x00000002   Code   RO           89    i.HAL_TIM_TriggerCallback  stm32f4xx_hal_tim.o
    0x08002a8e   0x08002a8e   0x00000002   Code   RO          991    i.HAL_UART_AbortReceiveCpltCallback  stm32f4xx_hal_uart.o
    0x08002a90   0x08002a90   0x00000078   Code   RO          992    i.HAL_UART_AbortReceive_IT  stm32f4xx_hal_uart.o
    0x08002b08   0x08002b08   0x00000002   Code   RO         1001    i.HAL_UART_ErrorCallback  stm32f4xx_hal_uart.o
    0x08002b0a   0x08002b0a   0x00000002   PAD
    0x08002b0c   0x08002b0c   0x0000014c   Code   RO         1004    i.HAL_UART_IRQHandler  stm32f4xx_hal_uart.o
    0x08002c58   0x08002c58   0x00000072   Code   RO         1005    i.HAL_UART_Init     stm32f4xx_hal_uart.o
    0x08002cca   0x08002cca   0x00000002   PAD
    0x08002ccc   0x08002ccc   0x00000210   Code   RO         4384    i.HAL_UART_MspInit  stm32f4xx_hal_msp.o
    0x08002edc   0x08002edc   0x000000c4   Code   RO         1009    i.HAL_UART_Receive_DMA  stm32f4xx_hal_uart.o
    0x08002fa0   0x08002fa0   0x00000002   Code   RO         4046    i.HAL_UART_RxCpltCallback  myuart.o
    0x08002fa2   0x08002fa2   0x00000002   Code   RO         4047    i.HAL_UART_RxHalfCpltCallback  myuart.o
    0x08002fa4   0x08002fa4   0x00000002   Code   RO         1016    i.HAL_UART_TxCpltCallback  stm32f4xx_hal_uart.o
    0x08002fa6   0x08002fa6   0x00000004   Code   RO         4243    i.HardFault_Handler  stm32f4xx_it.o
    0x08002faa   0x08002faa   0x0000005e   Code   RO         3949    i.KalmanFilter      mymath.o
    0x08003008   0x08003008   0x00000068   Code   RO         4094    i.MX_DMA_Init       main.o
    0x08003070   0x08003070   0x000001c4   Code   RO         4095    i.MX_GPIO_Init      main.o
    0x08003234   0x08003234   0x000000d0   Code   RO         4096    i.MX_TIM1_Init      main.o
    0x08003304   0x08003304   0x000000a0   Code   RO         4097    i.MX_TIM2_Init      main.o
    0x080033a4   0x080033a4   0x000000d0   Code   RO         4098    i.MX_TIM3_Init      main.o
    0x08003474   0x08003474   0x0000008c   Code   RO         4099    i.MX_TIM4_Init      main.o
    0x08003500   0x08003500   0x00000090   Code   RO         4100    i.MX_TIM8_Init      main.o
    0x08003590   0x08003590   0x00000088   Code   RO         4101    i.MX_TIM9_Init      main.o
    0x08003618   0x08003618   0x0000004c   Code   RO         4102    i.MX_USART2_UART_Init  main.o
    0x08003664   0x08003664   0x0000004c   Code   RO         4103    i.MX_USART3_UART_Init  main.o
    0x080036b0   0x080036b0   0x00000004   Code   RO         4244    i.MemManage_Handler  stm32f4xx_it.o
    0x080036b4   0x080036b4   0x00000002   Code   RO         4245    i.NMI_Handler       stm32f4xx_it.o
    0x080036b6   0x080036b6   0x00000002   PAD
    0x080036b8   0x080036b8   0x00000010   Code   RO         2113    i.NVIC_GetPriorityGrouping  stm32f4xx_hal_cortex.o
    0x080036c8   0x080036c8   0x00000028   Code   RO         2114    i.NVIC_SetPriority  stm32f4xx_hal_cortex.o
    0x080036f0   0x080036f0   0x000000c8   Code   RO         3968    i.ServoCtrlFreertosInit  servoctrl.o
    0x080037b8   0x080037b8   0x00000194   Code   RO         3969    i.ServoCtrlTask     servoctrl.o
    0x0800394c   0x0800394c   0x000001b0   Code   RO         3592    i.SpeedACtrl        moto.o
    0x08003afc   0x08003afc   0x000001a8   Code   RO         3593    i.SpeedBCtrl        moto.o
    0x08003ca4   0x08003ca4   0x0000000a   Code   RO         4104    i.StartDefaultTask  main.o
    0x08003cae   0x08003cae   0x00000008   Code   RO         4246    i.SysTick_Handler   stm32f4xx_it.o
    0x08003cb6   0x08003cb6   0x00000002   PAD
    0x08003cb8   0x08003cb8   0x000000e0   Code   RO         4105    i.SystemClock_Config  main.o
    0x08003d98   0x08003d98   0x00000064   Code   RO         3556    i.SystemInit        system_stm32f4xx.o
    0x08003dfc   0x08003dfc   0x00000010   Code   RO         4247    i.TIM1_CC_IRQHandler  stm32f4xx_it.o
    0x08003e0c   0x08003e0c   0x00000010   Code   RO         4248    i.TIM2_IRQHandler   stm32f4xx_it.o
    0x08003e1c   0x08003e1c   0x00000010   Code   RO         4249    i.TIM3_IRQHandler   stm32f4xx_it.o
    0x08003e2c   0x08003e2c   0x00000010   Code   RO         4250    i.TIM7_IRQHandler   stm32f4xx_it.o
    0x08003e3c   0x08003e3c   0x00000010   Code   RO         4251    i.TIM8_TRG_COM_TIM14_IRQHandler  stm32f4xx_it.o
    0x08003e4c   0x08003e4c   0x000000e4   Code   RO           90    i.TIM_Base_SetConfig  stm32f4xx_hal_tim.o
    0x08003f30   0x08003f30   0x0000001c   Code   RO           91    i.TIM_CCxChannelCmd  stm32f4xx_hal_tim.o
    0x08003f4c   0x08003f4c   0x00000070   Code   RO           99    i.TIM_OC1_SetConfig  stm32f4xx_hal_tim.o
    0x08003fbc   0x08003fbc   0x00000078   Code   RO          100    i.TIM_OC2_SetConfig  stm32f4xx_hal_tim.o
    0x08004034   0x08004034   0x00000078   Code   RO          101    i.TIM_OC3_SetConfig  stm32f4xx_hal_tim.o
    0x080040ac   0x080040ac   0x00000060   Code   RO          102    i.TIM_OC4_SetConfig  stm32f4xx_hal_tim.o
    0x0800410c   0x0800410c   0x00000098   Code   RO          105    i.TIM_TI1_SetConfig  stm32f4xx_hal_tim.o
    0x080041a4   0x080041a4   0x0000003e   Code   RO          107    i.TIM_TI2_SetConfig  stm32f4xx_hal_tim.o
    0x080041e2   0x080041e2   0x0000003c   Code   RO          108    i.TIM_TI3_SetConfig  stm32f4xx_hal_tim.o
    0x0800421e   0x0800421e   0x00000040   Code   RO          109    i.TIM_TI4_SetConfig  stm32f4xx_hal_tim.o
    0x0800425e   0x0800425e   0x00000014   Code   RO         1018    i.UART_DMAAbortOnError  stm32f4xx_hal_uart.o
    0x08004272   0x08004272   0x00000050   Code   RO         1019    i.UART_DMAError     stm32f4xx_hal_uart.o
    0x080042c2   0x080042c2   0x00000046   Code   RO         1020    i.UART_DMAReceiveCplt  stm32f4xx_hal_uart.o
    0x08004308   0x08004308   0x0000000e   Code   RO         1022    i.UART_DMARxHalfCplt  stm32f4xx_hal_uart.o
    0x08004316   0x08004316   0x00000018   Code   RO         1023    i.UART_DMARxOnlyAbortCallback  stm32f4xx_hal_uart.o
    0x0800432e   0x0800432e   0x00000020   Code   RO         1028    i.UART_EndRxTransfer  stm32f4xx_hal_uart.o
    0x0800434e   0x0800434e   0x00000020   Code   RO         1029    i.UART_EndTransmit_IT  stm32f4xx_hal_uart.o
    0x0800436e   0x0800436e   0x00000014   Code   RO         1030    i.UART_EndTxTransfer  stm32f4xx_hal_uart.o
    0x08004382   0x08004382   0x0000009a   Code   RO         1031    i.UART_Receive_IT   stm32f4xx_hal_uart.o
    0x0800441c   0x0800441c   0x00000368   Code   RO         1032    i.UART_SetConfig    stm32f4xx_hal_uart.o
    0x08004784   0x08004784   0x00000068   Code   RO         1033    i.UART_Transmit_IT  stm32f4xx_hal_uart.o
    0x080047ec   0x080047ec   0x00000014   Code   RO         4252    i.USART2_IRQHandler  stm32f4xx_it.o
    0x08004800   0x08004800   0x00000014   Code   RO         4253    i.USART3_IRQHandler  stm32f4xx_it.o
    0x08004814   0x08004814   0x000000b8   Code   RO         4048    i.USARTReceive_IDLE  myuart.o
    0x080048cc   0x080048cc   0x00000004   Code   RO         4254    i.UsageFault_Handler  stm32f4xx_it.o
    0x080048d0   0x080048d0   0x0000001c   Code   RO         4107    i._Error_Handler    main.o
    0x080048ec   0x080048ec   0x0000000e   Code   RO         4661    i.__scatterload_copy  mc_w.l(handlers.o)
    0x080048fa   0x080048fa   0x00000002   Code   RO         4662    i.__scatterload_null  mc_w.l(handlers.o)
    0x080048fc   0x080048fc   0x0000000e   Code   RO         4663    i.__scatterload_zeroinit  mc_w.l(handlers.o)
    0x0800490a   0x0800490a   0x00000042   Code   RO         3594    i.arm_pid_f32       moto.o
    0x0800494c   0x0800494c   0x00000178   Code   RO         3970    i.catsome           servoctrl.o
    0x08004ac4   0x08004ac4   0x00000010   Code   RO         3174    i.inHandlerMode     cmsis_os.o
    0x08004ad4   0x08004ad4   0x0000010c   Code   RO         4108    i.main              main.o
    0x08004be0   0x08004be0   0x00000720   Code   RO         4109    i.main_1task        main.o
    0x08005300   0x08005300   0x0000000e   Code   RO         3176    i.makeFreeRtosPriority  cmsis_os.o
    0x0800530e   0x0800530e   0x00000002   PAD
    0x08005310   0x08005310   0x000001bc   Code   RO         3596    i.moto_angle        moto.o
    0x080054cc   0x080054cc   0x000000d0   Code   RO         3598    i.moto_backDis      moto.o
    0x0800559c   0x0800559c   0x0000026c   Code   RO         3599    i.moto_controltask  moto.o
    0x08005808   0x08005808   0x000000c4   Code   RO         3601    i.moto_frontDis     moto.o
    0x080058cc   0x080058cc   0x00000674   Code   RO         3602    i.moto_jztask       moto.o
    0x08005f40   0x08005f40   0x00000040   Code   RO         3603    i.moto_left         moto.o
    0x08005f80   0x08005f80   0x00000040   Code   RO         3604    i.moto_right        moto.o
    0x08005fc0   0x08005fc0   0x00000014   Code   RO         3605    i.moto_stop         moto.o
    0x08005fd4   0x08005fd4   0x000000c4   Code   RO         3827    i.mputask           mpu.o
    0x08006098   0x08006098   0x00000018   Code   RO         3178    i.osDelay           cmsis_os.o
    0x080060b0   0x080060b0   0x0000001c   Code   RO         3179    i.osDelayUntil      cmsis_os.o
    0x080060cc   0x080060cc   0x0000000a   Code   RO         3181    i.osKernelStart     cmsis_os.o
    0x080060d6   0x080060d6   0x00000014   Code   RO         3182    i.osKernelSysTick   cmsis_os.o
    0x080060ea   0x080060ea   0x00000002   PAD
    0x080060ec   0x080060ec   0x00000060   Code   RO         3212    i.osSignalSet       cmsis_os.o
    0x0800614c   0x0800614c   0x00000062   Code   RO         3213    i.osSignalWait      cmsis_os.o
    0x080061ae   0x080061ae   0x00000010   Code   RO         3214    i.osSystickHandler  cmsis_os.o
    0x080061be   0x080061be   0x00000030   Code   RO         3215    i.osThreadCreate    cmsis_os.o
    0x080061ee   0x080061ee   0x00000002   PAD
    0x080061f0   0x080061f0   0x00000098   Code   RO         2875    i.prvAddCurrentTaskToDelayedList  tasks.o
    0x08006288   0x08006288   0x000000b4   Code   RO         2876    i.prvAddNewTaskToReadyList  tasks.o
    0x0800633c   0x0800633c   0x00000064   Code   RO         2877    i.prvCheckTasksWaitingTermination  tasks.o
    0x080063a0   0x080063a0   0x00000012   Code   RO         2878    i.prvDeleteTCB      tasks.o
    0x080063b2   0x080063b2   0x00000002   PAD
    0x080063b4   0x080063b4   0x0000007c   Code   RO         2410    i.prvHeapInit       heap_4.o
    0x08006430   0x08006430   0x00000028   Code   RO         2879    i.prvIdleTask       tasks.o
    0x08006458   0x08006458   0x000000aa   Code   RO         2880    i.prvInitialiseNewTask  tasks.o
    0x08006502   0x08006502   0x00000002   PAD
    0x08006504   0x08006504   0x00000068   Code   RO         2881    i.prvInitialiseTaskLists  tasks.o
    0x0800656c   0x0800656c   0x00000068   Code   RO         2411    i.prvInsertBlockIntoFreeList  heap_4.o
    0x080065d4   0x080065d4   0x00000034   Code   RO         2882    i.prvResetNextTaskUnblockTime  tasks.o
    0x08006608   0x08006608   0x00000040   Code   RO         2494    i.prvTaskExitError  port.o
    0x08006648   0x08006648   0x00000058   Code   RO         2883    i.prvTaskIsTaskSuspended  tasks.o
    0x080066a0   0x080066a0   0x0000013c   Code   RO         2412    i.pvPortMalloc      heap_4.o
    0x080067dc   0x080067dc   0x0000002c   Code   RO         2495    i.pxPortInitialiseStack  port.o
    0x08006808   0x08006808   0x0000004c   Code   RO         3971    i.readResu          servoctrl.o
    0x08006854   0x08006854   0x00000008   Code   RO         3972    i.setServo          servoctrl.o
    0x0800685c   0x0800685c   0x00000028   Code   RO         2680    i.uxListRemove      list.o
    0x08006884   0x08006884   0x0000001a   Code   RO         2681    i.vListInitialise   list.o
    0x0800689e   0x0800689e   0x00000006   Code   RO         2682    i.vListInitialiseItem  list.o
    0x080068a4   0x080068a4   0x00000034   Code   RO         2683    i.vListInsert       list.o
    0x080068d8   0x080068d8   0x00000018   Code   RO         2684    i.vListInsertEnd    list.o
    0x080068f0   0x080068f0   0x00000054   Code   RO         2497    i.vPortEnterCritical  port.o
    0x08006944   0x08006944   0x0000003c   Code   RO         2498    i.vPortExitCritical  port.o
    0x08006980   0x08006980   0x00000094   Code   RO         2413    i.vPortFree         heap_4.o
    0x08006a14   0x08006a14   0x00000020   Code   RO         2499    i.vPortSetupTimerInterrupt  port.o
    0x08006a34   0x08006a34   0x00000078   Code   RO         2500    i.vPortValidateInterruptPriority  port.o
    0x08006aac   0x08006aac   0x0000005c   Code   RO         2890    i.vTaskDelay        tasks.o
    0x08006b08   0x08006b08   0x000000d4   Code   RO         2891    i.vTaskDelayUntil   tasks.o
    0x08006bdc   0x08006bdc   0x00000090   Code   RO         2900    i.vTaskResume       tasks.o
    0x08006c6c   0x08006c6c   0x00000088   Code   RO         2902    i.vTaskStartScheduler  tasks.o
    0x08006cf4   0x08006cf4   0x000000e4   Code   RO         2903    i.vTaskSuspend      tasks.o
    0x08006dd8   0x08006dd8   0x00000010   Code   RO         2904    i.vTaskSuspendAll   tasks.o
    0x08006de8   0x08006de8   0x0000008c   Code   RO         2905    i.vTaskSwitchContext  tasks.o
    0x08006e74   0x08006e74   0x0000013c   Code   RO         2501    i.xPortStartScheduler  port.o
    0x08006fb0   0x08006fb0   0x00000034   Code   RO         2502    i.xPortSysTickHandler  port.o
    0x08006fe4   0x08006fe4   0x00000060   Code   RO         2907    i.xTaskCreate       tasks.o
    0x08007044   0x08007044   0x00000104   Code   RO         2908    i.xTaskGenericNotify  tasks.o
    0x08007148   0x08007148   0x00000144   Code   RO         2909    i.xTaskGenericNotifyFromISR  tasks.o
    0x0800728c   0x0800728c   0x00000020   Code   RO         2911    i.xTaskGetSchedulerState  tasks.o
    0x080072ac   0x080072ac   0x0000000c   Code   RO         2912    i.xTaskGetTickCount  tasks.o
    0x080072b8   0x080072b8   0x00000014   Code   RO         2913    i.xTaskGetTickCountFromISR  tasks.o
    0x080072cc   0x080072cc   0x00000148   Code   RO         2914    i.xTaskIncrementTick  tasks.o
    0x08007414   0x08007414   0x000000a0   Code   RO         2916    i.xTaskNotifyWait   tasks.o
    0x080074b4   0x080074b4   0x00000104   Code   RO         2920    i.xTaskResumeAll    tasks.o
    0x080075b8   0x080075b8   0x00000008   Data   RO         1830    .constdata          stm32f4xx_hal_dma.o
    0x080075c0   0x080075c0   0x00000018   Data   RO         3557    .constdata          system_stm32f4xx.o
    0x080075d8   0x080075d8   0x00000078   Data   RO         3744    .constdata          echo.o
    0x08007650   0x08007650   0x00000014   Data   RO         3974    .constdata          servoctrl.o
    0x08007664   0x08007664   0x00000064   Data   RO         4111    .constdata          main.o
    0x080076c8   0x080076c8   0x0000002f   Data   RO         3745    .conststring        echo.o
    0x080076f7   0x080076f7   0x00000001   PAD
    0x080076f8   0x080076f8   0x0000000e   Data   RO         3975    .conststring        servoctrl.o
    0x08007706   0x08007706   0x00000002   PAD
    0x08007708   0x08007708   0x00000030   Data   RO         4112    .conststring        main.o
    0x08007738   0x08007738   0x00000030   Data   RO         4659    Region$$Table       anon$$obj.o


    Execution Region CCMRAM (Exec base: 0x10000000, Load base: 0x08007784, Size: 0x00000138, Max: 0x00010000, ABSOLUTE, COMPRESSED[0x00000004])

    Exec Addr    Load Addr    Size         Type   Attr      Idx    E Section Name        Object

    0x10000000   COMPRESSED   0x000000c0   Data   RW         3607    ccmram              moto.o
    0x100000c0   COMPRESSED   0x00000078   Data   RW         3747    ccmram              echo.o


    Execution Region RW_IRAM1 (Exec base: 0x20000000, Load base: 0x08007768, Size: 0x00004678, Max: 0x00020000, ABSOLUTE, COMPRESSED[0x0000001c])

    Exec Addr    Load Addr    Size         Type   Attr      Idx    E Section Name        Object

    0x20000000   COMPRESSED   0x00000009   Data   RW         2260    .data               stm32f4xx_hal.o
    0x20000009   COMPRESSED   0x00000003   PAD
    0x2000000c   COMPRESSED   0x00000018   Data   RW         2418    .data               heap_4.o
    0x20000024   COMPRESSED   0x0000000c   Data   RW         2503    .data               port.o
    0x20000030   COMPRESSED   0x0000003c   Data   RW         2923    .data               tasks.o
    0x2000006c   COMPRESSED   0x00000004   Data   RW         3558    .data               system_stm32f4xx.o
    0x20000070   COMPRESSED   0x00000040   Data   RW         3606    .data               moto.o
    0x200000b0   COMPRESSED   0x00000060   Data   RW         3746    .data               echo.o
    0x20000110   COMPRESSED   0x0000000e   Data   RW         3828    .data               mpu.o
    0x2000011e   COMPRESSED   0x00000002   PAD
    0x20000120   COMPRESSED   0x0000000a   Data   RW         3976    .data               servoctrl.o
    0x2000012a   COMPRESSED   0x00000002   PAD
    0x2000012c   COMPRESSED   0x00000030   Data   RW         4113    .data               main.o
    0x2000015c        -       0x00003c00   Zero   RW         2417    .bss                heap_4.o
    0x20003d5c        -       0x000000f0   Zero   RW         2922    .bss                tasks.o
    0x20003e4c        -       0x00000054   Zero   RW         3973    .bss                servoctrl.o
    0x20003ea0        -       0x0000002e   Zero   RW         4049    .bss                myuart.o
    0x20003ece   COMPRESSED   0x00000002   PAD
    0x20003ed0        -       0x00000368   Zero   RW         4110    .bss                main.o
    0x20004238        -       0x0000003c   Zero   RW         4457    .bss                stm32f4xx_hal_timebase_tim.o
    0x20004274   COMPRESSED   0x00000004   PAD
    0x20004278        -       0x00000400   Zero   RW         2403    STACK               startup_stm32f407xx.o


==============================================================================

Image component sizes


      Code (inc. data)   RO Data    RW Data    ZI Data      Debug   Object Name

       370          4          0          0          0      19916   cmsis_os.o
         0          0          0          0          0       8012   croutine.o
        76          8          0          0          0        533   dwt_stm32_delay.o
      2168        330        167        216          0      11371   echo.o
         0          0          0          0          0      10464   event_groups.o
       692         62          0         24      15360      10903   heap_4.o
       148          0          0          0          0       3502   list.o
      4082        410        148         48        872      16342   main.o
      4190        440          0        256          0      28037   moto.o
       196         30          0         14          0       1541   mpu.o
        94          0          0          0          0        943   mymath.o
       188         34          0          0         46       2401   myuart.o
       958         92          0         12          0      11845   port.o
         0          0          0          0          0       2484   queue.o
      1568        164         34         10         84       7482   servoctrl.o
        36          8        392          0       1024        792   startup_stm32f407xx.o
       136         24          0          9          0       3814   stm32f4xx_hal.o
       338         22          0          0          0      31417   stm32f4xx_hal_cortex.o
      1276         16          8          0          0       6110   stm32f4xx_hal_dma.o
       576         50          0          0          0       4159   stm32f4xx_hal_gpio.o
      1324        144          0          0          0       4874   stm32f4xx_hal_msp.o
      1800         94          0          0          0       6081   stm32f4xx_hal_rcc.o
      2806        126          0          0          0     697297   stm32f4xx_hal_tim.o
       102          0          0          0          0       2290   stm32f4xx_hal_tim_ex.o
       140         18          0          0         60       1460   stm32f4xx_hal_timebase_tim.o
      2190         34          0          0          0      12251   stm32f4xx_hal_uart.o
       232         62          0          0          0       8899   stm32f4xx_it.o
       100         18         24          4          0       1119   system_stm32f4xx.o
      3364        422          0         60        240      24655   tasks.o

    ----------------------------------------------------------------------
     29186       2612        824        660      17692     940994   Object Totals
         0          0         48          0          0          0   (incl. Generated)
        36          0          3          7          6          0   (incl. Padding)

    ----------------------------------------------------------------------

      Code (inc. data)   RO Data    RW Data    ZI Data      Debug   Library Member Name

        86          0          0          0          0      16054   arm_abs_f32.o
        56          0          0          0          0        559   arm_pid_init_f32.o
        10          0          0          0          0        508   arm_pid_reset_f32.o
        86          0          0          0          0          0   __dczerorl2.o
         0          0          0          0          0          0   entry.o
         0          0          0          0          0          0   entry10a.o
         0          0          0          0          0          0   entry11a.o
         8          4          0          0          0          0   entry2.o
         4          0          0          0          0          0   entry5.o
         0          0          0          0          0          0   entry7b.o
         0          0          0          0          0          0   entry8b.o
         8          4          0          0          0          0   entry9a.o
        30          0          0          0          0          0   handlers.o
        36          8          0          0          0         68   init.o
        30          0          0          0          0         68   llshl.o
        32          0          0          0          0         68   llushr.o
        36          0          0          0          0         68   memcpya.o
        36          0          0          0          0        108   memseta.o
        98          0          0          0          0         92   uldiv.o

    ----------------------------------------------------------------------
       558         16          0          0          0      17593   Library Totals
         2          0          0          0          0          0   (incl. Padding)

    ----------------------------------------------------------------------

      Code (inc. data)   RO Data    RW Data    ZI Data      Debug   Library Name

       152          0          0          0          0      17121   arm_cortexM4lf_math.lib
       404         16          0          0          0        472   mc_w.l

    ----------------------------------------------------------------------
       558         16          0          0          0      17593   Library Totals

    ----------------------------------------------------------------------

==============================================================================


      Code (inc. data)   RO Data    RW Data    ZI Data      Debug   

     29744       2628        824        660      17692     938915   Grand Totals
     29744       2628        824         32      17692     938915   ELF Image Totals (compressed)
     29744       2628        824         32          0          0   ROM Totals

==============================================================================

    Total RO  Size (Code + RO Data)                30568 (  29.85kB)
    Total RW  Size (RW Data + ZI Data)             18352 (  17.92kB)
    Total ROM Size (Code + RO Data + RW Data)      30600 (  29.88kB)

==============================================================================

